<?xml version="1.0" encoding="ISO-8859-1" ?>
<link_info>
   <banner>TI ARM Linker PC v18.12.4.LTS</banner>
   <copyright>Copyright (c) 1996-2018 Texas Instruments Incorporated</copyright>
   <link_time>0x60262668</link_time>
   <link_errors>0x0</link_errors>
   <output_file>TMS570_free_RTOS_SPI.out</output_file>
   <entry_point>
      <name>_c_int00</name>
      <address>0xe144</address>
   </entry_point>
   <input_file_list>
      <input_file id="fl-2">
         <path>.\source\</path>
         <kind>object</kind>
         <file>dabort.obj</file>
         <name>dabort.obj</name>
      </input_file>
      <input_file id="fl-3">
         <path>.\source\</path>
         <kind>object</kind>
         <file>errata_SSWF021_45.obj</file>
         <name>errata_SSWF021_45.obj</name>
      </input_file>
      <input_file id="fl-4">
         <path>.\source\</path>
         <kind>object</kind>
         <file>esm.obj</file>
         <name>esm.obj</name>
      </input_file>
      <input_file id="fl-5">
         <path>.\source\</path>
         <kind>object</kind>
         <file>notification.obj</file>
         <name>notification.obj</name>
      </input_file>
      <input_file id="fl-6">
         <path>.\source\</path>
         <kind>object</kind>
         <file>os_croutine.obj</file>
         <name>os_croutine.obj</name>
      </input_file>
      <input_file id="fl-7">
         <path>.\source\</path>
         <kind>object</kind>
         <file>os_event_groups.obj</file>
         <name>os_event_groups.obj</name>
      </input_file>
      <input_file id="fl-8">
         <path>.\source\</path>
         <kind>object</kind>
         <file>os_heap.obj</file>
         <name>os_heap.obj</name>
      </input_file>
      <input_file id="fl-9">
         <path>.\source\</path>
         <kind>object</kind>
         <file>os_list.obj</file>
         <name>os_list.obj</name>
      </input_file>
      <input_file id="fl-a">
         <path>.\source\</path>
         <kind>object</kind>
         <file>os_mpu_wrappers.obj</file>
         <name>os_mpu_wrappers.obj</name>
      </input_file>
      <input_file id="fl-b">
         <path>.\source\</path>
         <kind>object</kind>
         <file>os_port.obj</file>
         <name>os_port.obj</name>
      </input_file>
      <input_file id="fl-c">
         <path>.\source\</path>
         <kind>object</kind>
         <file>os_portasm.obj</file>
         <name>os_portasm.obj</name>
      </input_file>
      <input_file id="fl-d">
         <path>.\source\</path>
         <kind>object</kind>
         <file>os_queue.obj</file>
         <name>os_queue.obj</name>
      </input_file>
      <input_file id="fl-e">
         <path>.\source\</path>
         <kind>object</kind>
         <file>os_tasks.obj</file>
         <name>os_tasks.obj</name>
      </input_file>
      <input_file id="fl-f">
         <path>.\source\</path>
         <kind>object</kind>
         <file>os_timer.obj</file>
         <name>os_timer.obj</name>
      </input_file>
      <input_file id="fl-10">
         <path>.\source\</path>
         <kind>object</kind>
         <file>pinmux.obj</file>
         <name>pinmux.obj</name>
      </input_file>
      <input_file id="fl-11">
         <path>.\source\</path>
         <kind>object</kind>
         <file>spi.obj</file>
         <name>spi.obj</name>
      </input_file>
      <input_file id="fl-12">
         <path>.\source\</path>
         <kind>object</kind>
         <file>sys_core.obj</file>
         <name>sys_core.obj</name>
      </input_file>
      <input_file id="fl-13">
         <path>.\source\</path>
         <kind>object</kind>
         <file>sys_intvecs.obj</file>
         <name>sys_intvecs.obj</name>
      </input_file>
      <input_file id="fl-14">
         <path>.\source\</path>
         <kind>object</kind>
         <file>sys_main.obj</file>
         <name>sys_main.obj</name>
      </input_file>
      <input_file id="fl-15">
         <path>.\source\</path>
         <kind>object</kind>
         <file>sys_mpu.obj</file>
         <name>sys_mpu.obj</name>
      </input_file>
      <input_file id="fl-16">
         <path>.\source\</path>
         <kind>object</kind>
         <file>sys_pcr.obj</file>
         <name>sys_pcr.obj</name>
      </input_file>
      <input_file id="fl-17">
         <path>.\source\</path>
         <kind>object</kind>
         <file>sys_phantom.obj</file>
         <name>sys_phantom.obj</name>
      </input_file>
      <input_file id="fl-18">
         <path>.\source\</path>
         <kind>object</kind>
         <file>sys_pmu.obj</file>
         <name>sys_pmu.obj</name>
      </input_file>
      <input_file id="fl-19">
         <path>.\source\</path>
         <kind>object</kind>
         <file>sys_selftest.obj</file>
         <name>sys_selftest.obj</name>
      </input_file>
      <input_file id="fl-1a">
         <path>.\source\</path>
         <kind>object</kind>
         <file>sys_startup.obj</file>
         <name>sys_startup.obj</name>
      </input_file>
      <input_file id="fl-1b">
         <path>.\source\</path>
         <kind>object</kind>
         <file>sys_vim.obj</file>
         <name>sys_vim.obj</name>
      </input_file>
      <input_file id="fl-1c">
         <path>.\source\</path>
         <kind>object</kind>
         <file>system.obj</file>
         <name>system.obj</name>
      </input_file>
      <input_file id="fl-20">
         <kind>object</kind>
         <file>&lt;internal&gt;</file>
         <name>&lt;internal&gt;</name>
      </input_file>
      <input_file id="fl-d6">
         <path>C:\ti\ccs930\ccs\tools\compiler\ti-cgt-arm_18.12.4.LTS\lib\</path>
         <kind>archive</kind>
         <file>rtsv7R4_A_be_eabi.lib</file>
         <name>memset32.asm.obj</name>
      </input_file>
      <input_file id="fl-d7">
         <path>C:\ti\ccs930\ccs\tools\compiler\ti-cgt-arm_18.12.4.LTS\lib\</path>
         <kind>archive</kind>
         <file>rtsv7R4_A_be_eabi.lib</file>
         <name>memcpy32.asm.obj</name>
      </input_file>
      <input_file id="fl-d8">
         <path>C:\ti\ccs930\ccs\tools\compiler\ti-cgt-arm_18.12.4.LTS\lib\</path>
         <kind>archive</kind>
         <file>rtsv7R4_A_be_eabi.lib</file>
         <name>autoinit.c.obj</name>
      </input_file>
      <input_file id="fl-d9">
         <path>C:\ti\ccs930\ccs\tools\compiler\ti-cgt-arm_18.12.4.LTS\lib\</path>
         <kind>archive</kind>
         <file>rtsv7R4_A_be_eabi.lib</file>
         <name>cpy_tbl.c.obj</name>
      </input_file>
      <input_file id="fl-da">
         <path>C:\ti\ccs930\ccs\tools\compiler\ti-cgt-arm_18.12.4.LTS\lib\</path>
         <kind>archive</kind>
         <file>rtsv7R4_A_be_eabi.lib</file>
         <name>copy_zero_init.c.obj</name>
      </input_file>
      <input_file id="fl-db">
         <path>C:\ti\ccs930\ccs\tools\compiler\ti-cgt-arm_18.12.4.LTS\lib\</path>
         <kind>archive</kind>
         <file>rtsv7R4_A_be_eabi.lib</file>
         <name>copy_decompress_none.c.obj</name>
      </input_file>
      <input_file id="fl-dc">
         <path>C:\ti\ccs930\ccs\tools\compiler\ti-cgt-arm_18.12.4.LTS\lib\</path>
         <kind>archive</kind>
         <file>rtsv7R4_A_be_eabi.lib</file>
         <name>copy_decompress_lzss.c.obj</name>
      </input_file>
      <input_file id="fl-dd">
         <path>C:\ti\ccs930\ccs\tools\compiler\ti-cgt-arm_18.12.4.LTS\lib\</path>
         <kind>archive</kind>
         <file>rtsv7R4_A_be_eabi.lib</file>
         <name>exit.c.obj</name>
      </input_file>
      <input_file id="fl-de">
         <path>C:\ti\ccs930\ccs\tools\compiler\ti-cgt-arm_18.12.4.LTS\lib\</path>
         <kind>archive</kind>
         <file>rtsv7R4_A_be_eabi.lib</file>
         <name>_lock.c.obj</name>
      </input_file>
      <input_file id="fl-df">
         <path>C:\ti\ccs930\ccs\tools\compiler\ti-cgt-arm_18.12.4.LTS\lib\</path>
         <kind>archive</kind>
         <file>rtsv7R4_A_be_eabi.lib</file>
         <name>strlen.c.obj</name>
      </input_file>
   </input_file_list>
   <object_component_list>
      <object_component id="oc-30">
         <name>.intvecs</name>
         <load_address>0x0</load_address>
         <run_address>0x0</run_address>
         <size>0x20</size>
         <input_file_ref idref="fl-13"/>
      </object_component>
      <object_component id="oc-15b">
         <name>.kernelTEXT</name>
         <load_address>0x20</load_address>
         <run_address>0x20</run_address>
         <size>0x2bdc</size>
         <input_file_ref idref="fl-e"/>
      </object_component>
      <object_component id="oc-22c">
         <name>.kernelTEXT</name>
         <load_address>0x2bfc</load_address>
         <run_address>0x2bfc</run_address>
         <size>0x3bc</size>
         <input_file_ref idref="fl-b"/>
      </object_component>
      <object_component id="oc-a2">
         <name>.kernelTEXT</name>
         <load_address>0x2fb8</load_address>
         <run_address>0x2fb8</run_address>
         <size>0x3b0</size>
         <input_file_ref idref="fl-c"/>
      </object_component>
      <object_component id="oc-220">
         <name>.kernelTEXT</name>
         <load_address>0x3368</load_address>
         <run_address>0x3368</run_address>
         <size>0x380</size>
         <input_file_ref idref="fl-8"/>
      </object_component>
      <object_component id="oc-327">
         <name>.cinit..data.load</name>
         <load_address>0x36e8</load_address>
         <run_address>0x36e8</run_address>
         <size>0x36</size>
      </object_component>
      <object_component id="oc-322">
         <name>__TI_handler_table</name>
         <load_address>0x3720</load_address>
         <run_address>0x3720</run_address>
         <size>0xc</size>
      </object_component>
      <object_component id="oc-324">
         <name>.cinit..kernelBSS.load</name>
         <load_address>0x372c</load_address>
         <run_address>0x372c</run_address>
         <size>0x9</size>
      </object_component>
      <object_component id="oc-326">
         <name>.cinit..bss.load</name>
         <load_address>0x3738</load_address>
         <run_address>0x3738</run_address>
         <size>0x8</size>
      </object_component>
      <object_component id="oc-325">
         <name>.cinit..kernelHEAP.load</name>
         <load_address>0x3740</load_address>
         <run_address>0x3740</run_address>
         <size>0x8</size>
      </object_component>
      <object_component id="oc-323">
         <name>__TI_cinit_table</name>
         <load_address>0x3748</load_address>
         <run_address>0x3748</run_address>
         <size>0x20</size>
      </object_component>
      <object_component id="oc-81">
         <name>.text</name>
         <load_address>0x8020</load_address>
         <run_address>0x8020</run_address>
         <size>0x24f0</size>
         <input_file_ref idref="fl-19"/>
      </object_component>
      <object_component id="oc-135">
         <name>.text</name>
         <load_address>0xa510</load_address>
         <run_address>0xa510</run_address>
         <size>0xde4</size>
         <input_file_ref idref="fl-11"/>
      </object_component>
      <object_component id="oc-7b">
         <name>.text</name>
         <load_address>0xb2f4</load_address>
         <run_address>0xb2f4</run_address>
         <size>0xaa0</size>
         <input_file_ref idref="fl-1c"/>
      </object_component>
      <object_component id="oc-3f">
         <name>.text</name>
         <load_address>0xbd94</load_address>
         <run_address>0xbd94</run_address>
         <size>0x89c</size>
         <input_file_ref idref="fl-1b"/>
      </object_component>
      <object_component id="oc-6f">
         <name>.text</name>
         <load_address>0xc630</load_address>
         <run_address>0xc630</run_address>
         <size>0x664</size>
         <input_file_ref idref="fl-3"/>
      </object_component>
      <object_component id="oc-87">
         <name>.text</name>
         <load_address>0xcc94</load_address>
         <run_address>0xcc94</run_address>
         <size>0x5bc</size>
         <input_file_ref idref="fl-4"/>
      </object_component>
      <object_component id="oc-2a">
         <name>.text:retain</name>
         <load_address>0xd250</load_address>
         <run_address>0xd250</run_address>
         <size>0x50c</size>
         <input_file_ref idref="fl-11"/>
      </object_component>
      <object_component id="oc-6a">
         <name>.text</name>
         <load_address>0xd75c</load_address>
         <run_address>0xd75c</run_address>
         <size>0x2d0</size>
         <input_file_ref idref="fl-12"/>
      </object_component>
      <object_component id="oc-283">
         <name>.text</name>
         <load_address>0xda2c</load_address>
         <run_address>0xda2c</run_address>
         <size>0x278</size>
         <input_file_ref idref="fl-8"/>
      </object_component>
      <object_component id="oc-3b">
         <name>.text:retain</name>
         <load_address>0xdca4</load_address>
         <run_address>0xdca4</run_address>
         <size>0x268</size>
         <input_file_ref idref="fl-1b"/>
      </object_component>
      <object_component id="oc-226">
         <name>.text</name>
         <load_address>0xdf0c</load_address>
         <run_address>0xdf0c</run_address>
         <size>0x238</size>
         <input_file_ref idref="fl-9"/>
      </object_component>
      <object_component id="oc-1b">
         <name>.text:retain</name>
         <load_address>0xe144</load_address>
         <run_address>0xe144</run_address>
         <size>0x21c</size>
         <input_file_ref idref="fl-1a"/>
      </object_component>
      <object_component id="oc-298">
         <name>.text</name>
         <load_address>0xe360</load_address>
         <run_address>0xe360</run_address>
         <size>0x1b4</size>
         <input_file_ref idref="fl-b"/>
      </object_component>
      <object_component id="oc-52">
         <name>.text</name>
         <load_address>0xe514</load_address>
         <run_address>0xe514</run_address>
         <size>0x180</size>
         <input_file_ref idref="fl-d7"/>
      </object_component>
      <object_component id="oc-232">
         <name>.text</name>
         <load_address>0xe694</load_address>
         <run_address>0xe694</run_address>
         <size>0x164</size>
         <input_file_ref idref="fl-e"/>
      </object_component>
      <object_component id="oc-ef">
         <name>.text</name>
         <load_address>0xe7f8</load_address>
         <run_address>0xe7f8</run_address>
         <size>0x150</size>
         <input_file_ref idref="fl-10"/>
      </object_component>
      <object_component id="oc-21">
         <name>.text:retain</name>
         <load_address>0xe948</load_address>
         <run_address>0xe948</run_address>
         <size>0xec</size>
         <input_file_ref idref="fl-4"/>
      </object_component>
      <object_component id="oc-b4">
         <name>.text</name>
         <load_address>0xea34</load_address>
         <run_address>0xea34</run_address>
         <size>0xe8</size>
         <input_file_ref idref="fl-2"/>
      </object_component>
      <object_component id="oc-f7">
         <name>.text</name>
         <load_address>0xeb1c</load_address>
         <run_address>0xeb1c</run_address>
         <size>0xe0</size>
         <input_file_ref idref="fl-18"/>
      </object_component>
      <object_component id="oc-e1">
         <name>.text</name>
         <load_address>0xebfc</load_address>
         <run_address>0xebfc</run_address>
         <size>0xb0</size>
         <input_file_ref idref="fl-d6"/>
      </object_component>
      <object_component id="oc-e">
         <name>.text:decompress:lzss:__TI_decompress_lzss</name>
         <load_address>0xecac</load_address>
         <run_address>0xecac</run_address>
         <size>0x90</size>
         <input_file_ref idref="fl-dc"/>
      </object_component>
      <object_component id="oc-8e">
         <name>.text</name>
         <load_address>0xed3c</load_address>
         <run_address>0xed3c</run_address>
         <size>0x80</size>
         <input_file_ref idref="fl-14"/>
      </object_component>
      <object_component id="oc-96">
         <name>.text</name>
         <load_address>0xedbc</load_address>
         <run_address>0xedbc</run_address>
         <size>0x7c</size>
         <input_file_ref idref="fl-5"/>
      </object_component>
      <object_component id="oc-105">
         <name>.text:__TI_auto_init_nobinit_nopinit:__TI_auto_init_nobinit_nopinit</name>
         <load_address>0xee38</load_address>
         <run_address>0xee38</run_address>
         <size>0x68</size>
         <input_file_ref idref="fl-d8"/>
      </object_component>
      <object_component id="oc-23b">
         <name>.text:strlen</name>
         <load_address>0xeea0</load_address>
         <run_address>0xeea0</run_address>
         <size>0x20</size>
         <input_file_ref idref="fl-df"/>
      </object_component>
      <object_component id="oc-14">
         <name>.text:decompress:none:__TI_decompress_none</name>
         <load_address>0xeec0</load_address>
         <run_address>0xeec0</run_address>
         <size>0x14</size>
         <input_file_ref idref="fl-db"/>
      </object_component>
      <object_component id="oc-64">
         <name>.text:decompress:ZI:__TI_zero_init</name>
         <load_address>0xeed4</load_address>
         <run_address>0xeed4</run_address>
         <size>0x10</size>
         <input_file_ref idref="fl-da"/>
      </object_component>
      <object_component id="oc-148">
         <name>.text:abort:abort</name>
         <load_address>0xeee4</load_address>
         <run_address>0xeee4</run_address>
         <size>0x8</size>
         <input_file_ref idref="fl-dd"/>
      </object_component>
      <object_component id="oc-35">
         <name>.text:retain</name>
         <load_address>0xeeec</load_address>
         <run_address>0xeeec</run_address>
         <size>0x4</size>
         <input_file_ref idref="fl-17"/>
      </object_component>
      <object_component id="oc-75">
         <name>.text</name>
         <load_address>0xeef0</load_address>
         <run_address>0xeef0</run_address>
         <size>0x4</size>
         <input_file_ref idref="fl-1a"/>
      </object_component>
      <object_component id="oc-27">
         <name>.const:s_vim_init</name>
         <load_address>0xeef4</load_address>
         <run_address>0xeef4</run_address>
         <size>0x180</size>
         <input_file_ref idref="fl-1b"/>
      </object_component>
      <object_component id="oc-161">
         <name>.kernelBSS:init</name>
         <load_address>0x80008d0</load_address>
         <run_address>0x80008d0</run_address>
         <size>0x34</size>
         <input_file_ref idref="fl-e"/>
      </object_component>
      <object_component id="oc-238">
         <name>.kernelBSS:uninit</name>
         <load_address>0x8000800</load_address>
         <run_address>0x8000800</run_address>
         <size>0xd0</size>
         <input_file_ref idref="fl-e"/>
      </object_component>
      <object_component id="oc-2d2">
         <name>.kernelHEAP</name>
         <uninitialized>true</uninitialized>
         <run_address>0x8001000</run_address>
         <size>0x2000</size>
         <input_file_ref idref="fl-8"/>
      </object_component>
      <object_component id="oc-28c">
         <name>.bss:xStart</name>
         <uninitialized>true</uninitialized>
         <run_address>0x80030e0</run_address>
         <size>0x8</size>
         <input_file_ref idref="fl-8"/>
      </object_component>
      <object_component id="oc-aa">
         <name>.bss:g_spiPacket_t</name>
         <uninitialized>true</uninitialized>
         <run_address>0x8003098</run_address>
         <size>0x48</size>
         <input_file_ref idref="fl-11"/>
      </object_component>
      <object_component id="oc-289">
         <name>.data</name>
         <load_address>0x8003080</load_address>
         <run_address>0x8003080</run_address>
         <size>0x10</size>
         <input_file_ref idref="fl-8"/>
      </object_component>
      <object_component id="oc-164">
         <name>.data</name>
         <load_address>0x8003090</load_address>
         <run_address>0x8003090</run_address>
         <size>0x8</size>
         <input_file_ref idref="fl-b"/>
      </object_component>
      <object_component id="oc-144">
         <name>.data:TX_Data_Master</name>
         <load_address>0x8003040</load_address>
         <run_address>0x8003040</run_address>
         <size>0x20</size>
         <input_file_ref idref="fl-14"/>
      </object_component>
      <object_component id="oc-13e">
         <name>.data:TX_Data_Slave</name>
         <load_address>0x8003060</load_address>
         <run_address>0x8003060</run_address>
         <size>0x20</size>
         <input_file_ref idref="fl-14"/>
      </object_component>
      <object_component id="oc-141">
         <name>.data:RX_Data_Master</name>
         <load_address>0x8003000</load_address>
         <run_address>0x8003000</run_address>
         <size>0x20</size>
         <input_file_ref idref="fl-14"/>
      </object_component>
      <object_component id="oc-13b">
         <name>.data:RX_Data_Slave</name>
         <load_address>0x8003020</load_address>
         <run_address>0x8003020</run_address>
         <size>0x20</size>
         <input_file_ref idref="fl-14"/>
      </object_component>
      <object_component id="oc-b5">
         <name>.debug_info</name>
         <load_address>0x0</load_address>
         <run_address>0x0</run_address>
         <size>0x100</size>
         <input_file_ref idref="fl-2"/>
      </object_component>
      <object_component id="oc-1b0">
         <name>.debug_info</name>
         <load_address>0x100</load_address>
         <run_address>0x100</run_address>
         <size>0x191</size>
         <input_file_ref idref="fl-3"/>
      </object_component>
      <object_component id="oc-70">
         <name>.debug_info</name>
         <load_address>0x291</load_address>
         <run_address>0x291</run_address>
         <size>0x640</size>
         <input_file_ref idref="fl-3"/>
      </object_component>
      <object_component id="oc-4d">
         <name>.debug_info</name>
         <load_address>0x8d1</load_address>
         <run_address>0x8d1</run_address>
         <size>0x84</size>
         <input_file_ref idref="fl-3"/>
      </object_component>
      <object_component id="oc-e9">
         <name>.debug_info</name>
         <load_address>0x955</load_address>
         <run_address>0x955</run_address>
         <size>0x9e7</size>
         <input_file_ref idref="fl-3"/>
      </object_component>
      <object_component id="oc-104">
         <name>.debug_info</name>
         <load_address>0x133c</load_address>
         <run_address>0x133c</run_address>
         <size>0x1e9</size>
         <input_file_ref idref="fl-4"/>
      </object_component>
      <object_component id="oc-89">
         <name>.debug_info</name>
         <load_address>0x1525</load_address>
         <run_address>0x1525</run_address>
         <size>0xb2c</size>
         <input_file_ref idref="fl-4"/>
      </object_component>
      <object_component id="oc-22">
         <name>.debug_info</name>
         <load_address>0x2051</load_address>
         <run_address>0x2051</run_address>
         <size>0x18c</size>
         <input_file_ref idref="fl-4"/>
      </object_component>
      <object_component id="oc-16a">
         <name>.debug_info</name>
         <load_address>0x21dd</load_address>
         <run_address>0x21dd</run_address>
         <size>0x26b</size>
         <input_file_ref idref="fl-4"/>
      </object_component>
      <object_component id="oc-9d">
         <name>.debug_info</name>
         <load_address>0x2448</load_address>
         <run_address>0x2448</run_address>
         <size>0x157</size>
         <input_file_ref idref="fl-4"/>
      </object_component>
      <object_component id="oc-c2">
         <name>.debug_info</name>
         <load_address>0x259f</load_address>
         <run_address>0x259f</run_address>
         <size>0x8b</size>
         <input_file_ref idref="fl-4"/>
      </object_component>
      <object_component id="oc-bd">
         <name>.debug_info</name>
         <load_address>0x262a</load_address>
         <run_address>0x262a</run_address>
         <size>0x18c</size>
         <input_file_ref idref="fl-4"/>
      </object_component>
      <object_component id="oc-21b">
         <name>.debug_info</name>
         <load_address>0x27b6</load_address>
         <run_address>0x27b6</run_address>
         <size>0x297</size>
         <input_file_ref idref="fl-4"/>
      </object_component>
      <object_component id="oc-156">
         <name>.debug_info</name>
         <load_address>0x2a4d</load_address>
         <run_address>0x2a4d</run_address>
         <size>0xbb</size>
         <input_file_ref idref="fl-4"/>
      </object_component>
      <object_component id="oc-c7">
         <name>.debug_info</name>
         <load_address>0x2b08</load_address>
         <run_address>0x2b08</run_address>
         <size>0x86</size>
         <input_file_ref idref="fl-4"/>
      </object_component>
      <object_component id="oc-16f">
         <name>.debug_info</name>
         <load_address>0x2b8e</load_address>
         <run_address>0x2b8e</run_address>
         <size>0x1de</size>
         <input_file_ref idref="fl-4"/>
      </object_component>
      <object_component id="oc-ff">
         <name>.debug_info</name>
         <load_address>0x2d6c</load_address>
         <run_address>0x2d6c</run_address>
         <size>0x129</size>
         <input_file_ref idref="fl-4"/>
      </object_component>
      <object_component id="oc-188">
         <name>.debug_info</name>
         <load_address>0x2e95</load_address>
         <run_address>0x2e95</run_address>
         <size>0x2cf</size>
         <input_file_ref idref="fl-4"/>
      </object_component>
      <object_component id="oc-155">
         <name>.debug_info</name>
         <load_address>0x3164</load_address>
         <run_address>0x3164</run_address>
         <size>0x314</size>
         <input_file_ref idref="fl-5"/>
      </object_component>
      <object_component id="oc-97">
         <name>.debug_info</name>
         <load_address>0x3478</load_address>
         <run_address>0x3478</run_address>
         <size>0x621</size>
         <input_file_ref idref="fl-5"/>
      </object_component>
      <object_component id="oc-1b5">
         <name>.debug_info</name>
         <load_address>0x3a99</load_address>
         <run_address>0x3a99</run_address>
         <size>0x791</size>
         <input_file_ref idref="fl-5"/>
      </object_component>
      <object_component id="oc-1ba">
         <name>.debug_info</name>
         <load_address>0x422a</load_address>
         <run_address>0x422a</run_address>
         <size>0x4de</size>
         <input_file_ref idref="fl-5"/>
      </object_component>
      <object_component id="oc-1bf">
         <name>.debug_info</name>
         <load_address>0x4708</load_address>
         <run_address>0x4708</run_address>
         <size>0x3ce</size>
         <input_file_ref idref="fl-5"/>
      </object_component>
      <object_component id="oc-af">
         <name>.debug_info</name>
         <load_address>0x4ad6</load_address>
         <run_address>0x4ad6</run_address>
         <size>0x375</size>
         <input_file_ref idref="fl-5"/>
      </object_component>
      <object_component id="oc-1a8">
         <name>.debug_info</name>
         <load_address>0x4e4b</load_address>
         <run_address>0x4e4b</run_address>
         <size>0x2c</size>
         <input_file_ref idref="fl-5"/>
      </object_component>
      <object_component id="oc-1c4">
         <name>.debug_info</name>
         <load_address>0x4e77</load_address>
         <run_address>0x4e77</run_address>
         <size>0x437</size>
         <input_file_ref idref="fl-5"/>
      </object_component>
      <object_component id="oc-1ef">
         <name>.debug_info</name>
         <load_address>0x52ae</load_address>
         <run_address>0x52ae</run_address>
         <size>0x37b</size>
         <input_file_ref idref="fl-5"/>
      </object_component>
      <object_component id="oc-1c9">
         <name>.debug_info</name>
         <load_address>0x5629</load_address>
         <run_address>0x5629</run_address>
         <size>0x1ca</size>
         <input_file_ref idref="fl-5"/>
      </object_component>
      <object_component id="oc-174">
         <name>.debug_info</name>
         <load_address>0x57f3</load_address>
         <run_address>0x57f3</run_address>
         <size>0x435</size>
         <input_file_ref idref="fl-5"/>
      </object_component>
      <object_component id="oc-1e2">
         <name>.debug_info</name>
         <load_address>0x5c28</load_address>
         <run_address>0x5c28</run_address>
         <size>0x510</size>
         <input_file_ref idref="fl-5"/>
      </object_component>
      <object_component id="oc-179">
         <name>.debug_info</name>
         <load_address>0x6138</load_address>
         <run_address>0x6138</run_address>
         <size>0x1f9</size>
         <input_file_ref idref="fl-5"/>
      </object_component>
      <object_component id="oc-1ce">
         <name>.debug_info</name>
         <load_address>0x6331</load_address>
         <run_address>0x6331</run_address>
         <size>0x3d3</size>
         <input_file_ref idref="fl-5"/>
      </object_component>
      <object_component id="oc-1d8">
         <name>.debug_info</name>
         <load_address>0x6704</load_address>
         <run_address>0x6704</run_address>
         <size>0x1de</size>
         <input_file_ref idref="fl-5"/>
      </object_component>
      <object_component id="oc-19b">
         <name>.debug_info</name>
         <load_address>0x68e2</load_address>
         <run_address>0x68e2</run_address>
         <size>0x26c</size>
         <input_file_ref idref="fl-5"/>
      </object_component>
      <object_component id="oc-1e7">
         <name>.debug_info</name>
         <load_address>0x6b4e</load_address>
         <run_address>0x6b4e</run_address>
         <size>0x17a</size>
         <input_file_ref idref="fl-5"/>
      </object_component>
      <object_component id="oc-17e">
         <name>.debug_info</name>
         <load_address>0x6cc8</load_address>
         <run_address>0x6cc8</run_address>
         <size>0x642</size>
         <input_file_ref idref="fl-5"/>
      </object_component>
      <object_component id="oc-183">
         <name>.debug_info</name>
         <load_address>0x730a</load_address>
         <run_address>0x730a</run_address>
         <size>0x13e</size>
         <input_file_ref idref="fl-5"/>
      </object_component>
      <object_component id="oc-2aa">
         <name>.debug_info</name>
         <load_address>0x7448</load_address>
         <run_address>0x7448</run_address>
         <size>0x1d8</size>
         <input_file_ref idref="fl-6"/>
      </object_component>
      <object_component id="oc-24d">
         <name>.debug_info</name>
         <load_address>0x7620</load_address>
         <run_address>0x7620</run_address>
         <size>0x30c</size>
         <input_file_ref idref="fl-6"/>
      </object_component>
      <object_component id="oc-2b7">
         <name>.debug_info</name>
         <load_address>0x792c</load_address>
         <run_address>0x792c</run_address>
         <size>0x379</size>
         <input_file_ref idref="fl-6"/>
      </object_component>
      <object_component id="oc-242">
         <name>.debug_info</name>
         <load_address>0x7ca5</load_address>
         <run_address>0x7ca5</run_address>
         <size>0xe1</size>
         <input_file_ref idref="fl-6"/>
      </object_component>
      <object_component id="oc-2eb">
         <name>.debug_info</name>
         <load_address>0x7d86</load_address>
         <run_address>0x7d86</run_address>
         <size>0xcc</size>
         <input_file_ref idref="fl-6"/>
      </object_component>
      <object_component id="oc-248">
         <name>.debug_info</name>
         <load_address>0x7e52</load_address>
         <run_address>0x7e52</run_address>
         <size>0x2c</size>
         <input_file_ref idref="fl-6"/>
      </object_component>
      <object_component id="oc-2a3">
         <name>.debug_info</name>
         <load_address>0x7e7e</load_address>
         <run_address>0x7e7e</run_address>
         <size>0x14c</size>
         <input_file_ref idref="fl-6"/>
      </object_component>
      <object_component id="oc-2e1">
         <name>.debug_info</name>
         <load_address>0x7fca</load_address>
         <run_address>0x7fca</run_address>
         <size>0x54f</size>
         <input_file_ref idref="fl-7"/>
      </object_component>
      <object_component id="oc-291">
         <name>.debug_info</name>
         <load_address>0x8519</load_address>
         <run_address>0x8519</run_address>
         <size>0x110</size>
         <input_file_ref idref="fl-7"/>
      </object_component>
      <object_component id="oc-2f4">
         <name>.debug_info</name>
         <load_address>0x8629</load_address>
         <run_address>0x8629</run_address>
         <size>0x39</size>
         <input_file_ref idref="fl-7"/>
      </object_component>
      <object_component id="oc-2ad">
         <name>.debug_info</name>
         <load_address>0x8662</load_address>
         <run_address>0x8662</run_address>
         <size>0x46</size>
         <input_file_ref idref="fl-7"/>
      </object_component>
      <object_component id="oc-2f9">
         <name>.debug_info</name>
         <load_address>0x86a8</load_address>
         <run_address>0x86a8</run_address>
         <size>0x62</size>
         <input_file_ref idref="fl-7"/>
      </object_component>
      <object_component id="oc-290">
         <name>.debug_info</name>
         <load_address>0x870a</load_address>
         <run_address>0x870a</run_address>
         <size>0x2f7</size>
         <input_file_ref idref="fl-8"/>
      </object_component>
      <object_component id="oc-2d3">
         <name>.debug_info</name>
         <load_address>0x8a01</load_address>
         <run_address>0x8a01</run_address>
         <size>0xdd</size>
         <input_file_ref idref="fl-8"/>
      </object_component>
      <object_component id="oc-28d">
         <name>.debug_info</name>
         <load_address>0x8ade</load_address>
         <run_address>0x8ade</run_address>
         <size>0xdd</size>
         <input_file_ref idref="fl-8"/>
      </object_component>
      <object_component id="oc-28a">
         <name>.debug_info</name>
         <load_address>0x8bbb</load_address>
         <run_address>0x8bbb</run_address>
         <size>0x191</size>
         <input_file_ref idref="fl-8"/>
      </object_component>
      <object_component id="oc-223">
         <name>.debug_info</name>
         <load_address>0x8d4c</load_address>
         <run_address>0x8d4c</run_address>
         <size>0x53a</size>
         <input_file_ref idref="fl-8"/>
      </object_component>
      <object_component id="oc-285">
         <name>.debug_info</name>
         <load_address>0x9286</load_address>
         <run_address>0x9286</run_address>
         <size>0x2b4</size>
         <input_file_ref idref="fl-8"/>
      </object_component>
      <object_component id="oc-2da">
         <name>.debug_info</name>
         <load_address>0x953a</load_address>
         <run_address>0x953a</run_address>
         <size>0x62</size>
         <input_file_ref idref="fl-8"/>
      </object_component>
      <object_component id="oc-297">
         <name>.debug_info</name>
         <load_address>0x959c</load_address>
         <run_address>0x959c</run_address>
         <size>0x232</size>
         <input_file_ref idref="fl-9"/>
      </object_component>
      <object_component id="oc-227">
         <name>.debug_info</name>
         <load_address>0x97ce</load_address>
         <run_address>0x97ce</run_address>
         <size>0x4bb</size>
         <input_file_ref idref="fl-9"/>
      </object_component>
      <object_component id="oc-29f">
         <name>.debug_info</name>
         <load_address>0x9c89</load_address>
         <run_address>0x9c89</run_address>
         <size>0x34a</size>
         <input_file_ref idref="fl-b"/>
      </object_component>
      <object_component id="oc-165">
         <name>.debug_info</name>
         <load_address>0x9fd3</load_address>
         <run_address>0x9fd3</run_address>
         <size>0x12b</size>
         <input_file_ref idref="fl-b"/>
      </object_component>
      <object_component id="oc-22e">
         <name>.debug_info</name>
         <load_address>0xa0fe</load_address>
         <run_address>0xa0fe</run_address>
         <size>0x5bd</size>
         <input_file_ref idref="fl-b"/>
      </object_component>
      <object_component id="oc-29a">
         <name>.debug_info</name>
         <load_address>0xa6bb</load_address>
         <run_address>0xa6bb</run_address>
         <size>0x363</size>
         <input_file_ref idref="fl-b"/>
      </object_component>
      <object_component id="oc-a3">
         <name>.debug_info</name>
         <load_address>0xaa1e</load_address>
         <run_address>0xaa1e</run_address>
         <size>0x4a6</size>
         <input_file_ref idref="fl-c"/>
      </object_component>
      <object_component id="oc-247">
         <name>.debug_info</name>
         <load_address>0xaec4</load_address>
         <run_address>0xaec4</run_address>
         <size>0x720</size>
         <input_file_ref idref="fl-e"/>
      </object_component>
      <object_component id="oc-162">
         <name>.debug_info</name>
         <load_address>0xb5e4</load_address>
         <run_address>0xb5e4</run_address>
         <size>0x34e</size>
         <input_file_ref idref="fl-e"/>
      </object_component>
      <object_component id="oc-239">
         <name>.debug_info</name>
         <load_address>0xb932</load_address>
         <run_address>0xb932</run_address>
         <size>0x27a</size>
         <input_file_ref idref="fl-e"/>
      </object_component>
      <object_component id="oc-15d">
         <name>.debug_info</name>
         <load_address>0xbbac</load_address>
         <run_address>0xbbac</run_address>
         <size>0x4c0c</size>
         <input_file_ref idref="fl-e"/>
      </object_component>
      <object_component id="oc-234">
         <name>.debug_info</name>
         <load_address>0x107b8</load_address>
         <run_address>0x107b8</run_address>
         <size>0x40a</size>
         <input_file_ref idref="fl-e"/>
      </object_component>
      <object_component id="oc-2b2">
         <name>.debug_info</name>
         <load_address>0x10bc2</load_address>
         <run_address>0x10bc2</run_address>
         <size>0x146</size>
         <input_file_ref idref="fl-e"/>
      </object_component>
      <object_component id="oc-1b2">
         <name>.debug_info</name>
         <load_address>0x10d08</load_address>
         <run_address>0x10d08</run_address>
         <size>0x153</size>
         <input_file_ref idref="fl-10"/>
      </object_component>
      <object_component id="oc-f0">
         <name>.debug_info</name>
         <load_address>0x10e5b</load_address>
         <run_address>0x10e5b</run_address>
         <size>0x1e6</size>
         <input_file_ref idref="fl-10"/>
      </object_component>
      <object_component id="oc-1d3">
         <name>.debug_info</name>
         <load_address>0x11041</load_address>
         <run_address>0x11041</run_address>
         <size>0x1d8</size>
         <input_file_ref idref="fl-10"/>
      </object_component>
      <object_component id="oc-25a">
         <name>.debug_info</name>
         <load_address>0x11219</load_address>
         <run_address>0x11219</run_address>
         <size>0xc6</size>
         <input_file_ref idref="fl-10"/>
      </object_component>
      <object_component id="oc-ae">
         <name>.debug_info</name>
         <load_address>0x112df</load_address>
         <run_address>0x112df</run_address>
         <size>0x20e</size>
         <input_file_ref idref="fl-11"/>
      </object_component>
      <object_component id="oc-ab">
         <name>.debug_info</name>
         <load_address>0x114ed</load_address>
         <run_address>0x114ed</run_address>
         <size>0xe7</size>
         <input_file_ref idref="fl-11"/>
      </object_component>
      <object_component id="oc-137">
         <name>.debug_info</name>
         <load_address>0x115d4</load_address>
         <run_address>0x115d4</run_address>
         <size>0x1040</size>
         <input_file_ref idref="fl-11"/>
      </object_component>
      <object_component id="oc-2c">
         <name>.debug_info</name>
         <load_address>0x12614</load_address>
         <run_address>0x12614</run_address>
         <size>0x471</size>
         <input_file_ref idref="fl-11"/>
      </object_component>
      <object_component id="oc-196">
         <name>.debug_info</name>
         <load_address>0x12a85</load_address>
         <run_address>0x12a85</run_address>
         <size>0xb9</size>
         <input_file_ref idref="fl-11"/>
      </object_component>
      <object_component id="oc-6d">
         <name>.debug_info</name>
         <load_address>0x12b3e</load_address>
         <run_address>0x12b3e</run_address>
         <size>0x781</size>
         <input_file_ref idref="fl-12"/>
      </object_component>
      <object_component id="oc-33">
         <name>.debug_info</name>
         <load_address>0x132bf</load_address>
         <run_address>0x132bf</run_address>
         <size>0x108</size>
         <input_file_ref idref="fl-13"/>
      </object_component>
      <object_component id="oc-208">
         <name>.debug_info</name>
         <load_address>0x133c7</load_address>
         <run_address>0x133c7</run_address>
         <size>0x2d8</size>
         <input_file_ref idref="fl-14"/>
      </object_component>
      <object_component id="oc-145">
         <name>.debug_info</name>
         <load_address>0x1369f</load_address>
         <run_address>0x1369f</run_address>
         <size>0xef</size>
         <input_file_ref idref="fl-14"/>
      </object_component>
      <object_component id="oc-13f">
         <name>.debug_info</name>
         <load_address>0x1378e</load_address>
         <run_address>0x1378e</run_address>
         <size>0xed</size>
         <input_file_ref idref="fl-14"/>
      </object_component>
      <object_component id="oc-142">
         <name>.debug_info</name>
         <load_address>0x1387b</load_address>
         <run_address>0x1387b</run_address>
         <size>0xef</size>
         <input_file_ref idref="fl-14"/>
      </object_component>
      <object_component id="oc-13c">
         <name>.debug_info</name>
         <load_address>0x1396a</load_address>
         <run_address>0x1396a</run_address>
         <size>0xed</size>
         <input_file_ref idref="fl-14"/>
      </object_component>
      <object_component id="oc-8f">
         <name>.debug_info</name>
         <load_address>0x13a57</load_address>
         <run_address>0x13a57</run_address>
         <size>0x17f</size>
         <input_file_ref idref="fl-14"/>
      </object_component>
      <object_component id="oc-25f">
         <name>.debug_info</name>
         <load_address>0x13bd6</load_address>
         <run_address>0x13bd6</run_address>
         <size>0x172</size>
         <input_file_ref idref="fl-16"/>
      </object_component>
      <object_component id="oc-2be">
         <name>.debug_info</name>
         <load_address>0x13d48</load_address>
         <run_address>0x13d48</run_address>
         <size>0x242</size>
         <input_file_ref idref="fl-16"/>
      </object_component>
      <object_component id="oc-1dd">
         <name>.debug_info</name>
         <load_address>0x13f8a</load_address>
         <run_address>0x13f8a</run_address>
         <size>0x2af</size>
         <input_file_ref idref="fl-16"/>
      </object_component>
      <object_component id="oc-37">
         <name>.debug_info</name>
         <load_address>0x14239</load_address>
         <run_address>0x14239</run_address>
         <size>0x13d</size>
         <input_file_ref idref="fl-17"/>
      </object_component>
      <object_component id="oc-f8">
         <name>.debug_info</name>
         <load_address>0x14376</load_address>
         <run_address>0x14376</run_address>
         <size>0x367</size>
         <input_file_ref idref="fl-18"/>
      </object_component>
      <object_component id="oc-fd">
         <name>.debug_info</name>
         <load_address>0x146dd</load_address>
         <run_address>0x146dd</run_address>
         <size>0x534</size>
         <input_file_ref idref="fl-19"/>
      </object_component>
      <object_component id="oc-84">
         <name>.debug_info</name>
         <load_address>0x14c11</load_address>
         <run_address>0x14c11</run_address>
         <size>0x2802</size>
         <input_file_ref idref="fl-19"/>
      </object_component>
      <object_component id="oc-1c">
         <name>.debug_info</name>
         <load_address>0x17413</load_address>
         <run_address>0x17413</run_address>
         <size>0x524</size>
         <input_file_ref idref="fl-1a"/>
      </object_component>
      <object_component id="oc-76">
         <name>.debug_info</name>
         <load_address>0x17937</load_address>
         <run_address>0x17937</run_address>
         <size>0x136</size>
         <input_file_ref idref="fl-1a"/>
      </object_component>
      <object_component id="oc-a9">
         <name>.debug_info</name>
         <load_address>0x17a6d</load_address>
         <run_address>0x17a6d</run_address>
         <size>0x3d2</size>
         <input_file_ref idref="fl-1b"/>
      </object_component>
      <object_component id="oc-28">
         <name>.debug_info</name>
         <load_address>0x17e3f</load_address>
         <run_address>0x17e3f</run_address>
         <size>0xe5</size>
         <input_file_ref idref="fl-1b"/>
      </object_component>
      <object_component id="oc-40">
         <name>.debug_info</name>
         <load_address>0x17f24</load_address>
         <run_address>0x17f24</run_address>
         <size>0x477</size>
         <input_file_ref idref="fl-1b"/>
      </object_component>
      <object_component id="oc-3c">
         <name>.debug_info</name>
         <load_address>0x1839b</load_address>
         <run_address>0x1839b</run_address>
         <size>0x200</size>
         <input_file_ref idref="fl-1b"/>
      </object_component>
      <object_component id="oc-18d">
         <name>.debug_info</name>
         <load_address>0x1859b</load_address>
         <run_address>0x1859b</run_address>
         <size>0x4f</size>
         <input_file_ref idref="fl-1b"/>
      </object_component>
      <object_component id="oc-f6">
         <name>.debug_info</name>
         <load_address>0x185ea</load_address>
         <run_address>0x185ea</run_address>
         <size>0x3e0</size>
         <input_file_ref idref="fl-1c"/>
      </object_component>
      <object_component id="oc-7c">
         <name>.debug_info</name>
         <load_address>0x189ca</load_address>
         <run_address>0x189ca</run_address>
         <size>0x7da</size>
         <input_file_ref idref="fl-1c"/>
      </object_component>
      <object_component id="oc-e2">
         <name>.debug_info</name>
         <load_address>0x191a4</load_address>
         <run_address>0x191a4</run_address>
         <size>0x11a</size>
         <input_file_ref idref="fl-d6"/>
      </object_component>
      <object_component id="oc-55">
         <name>.debug_info</name>
         <load_address>0x192be</load_address>
         <run_address>0x192be</run_address>
         <size>0x152</size>
         <input_file_ref idref="fl-d7"/>
      </object_component>
      <object_component id="oc-1f7">
         <name>.debug_info</name>
         <load_address>0x19410</load_address>
         <run_address>0x19410</run_address>
         <size>0x353</size>
         <input_file_ref idref="fl-d8"/>
      </object_component>
      <object_component id="oc-106">
         <name>.debug_info</name>
         <load_address>0x19763</load_address>
         <run_address>0x19763</run_address>
         <size>0x174</size>
         <input_file_ref idref="fl-d8"/>
      </object_component>
      <object_component id="oc-262">
         <name>.debug_info</name>
         <load_address>0x198d7</load_address>
         <run_address>0x198d7</run_address>
         <size>0x39</size>
         <input_file_ref idref="fl-d8"/>
      </object_component>
      <object_component id="oc-2c3">
         <name>.debug_info</name>
         <load_address>0x19910</load_address>
         <run_address>0x19910</run_address>
         <size>0x39</size>
         <input_file_ref idref="fl-d8"/>
      </object_component>
      <object_component id="oc-267">
         <name>.debug_info</name>
         <load_address>0x19949</load_address>
         <run_address>0x19949</run_address>
         <size>0x39</size>
         <input_file_ref idref="fl-d8"/>
      </object_component>
      <object_component id="oc-26c">
         <name>.debug_info</name>
         <load_address>0x19982</load_address>
         <run_address>0x19982</run_address>
         <size>0xcd</size>
         <input_file_ref idref="fl-d8"/>
      </object_component>
      <object_component id="oc-e0">
         <name>.debug_info</name>
         <load_address>0x19a4f</load_address>
         <run_address>0x19a4f</run_address>
         <size>0x16f</size>
         <input_file_ref idref="fl-da"/>
      </object_component>
      <object_component id="oc-67">
         <name>.debug_info</name>
         <load_address>0x19bbe</load_address>
         <run_address>0x19bbe</run_address>
         <size>0x16e</size>
         <input_file_ref idref="fl-da"/>
      </object_component>
      <object_component id="oc-db">
         <name>.debug_info</name>
         <load_address>0x19d2c</load_address>
         <run_address>0x19d2c</run_address>
         <size>0x46</size>
         <input_file_ref idref="fl-da"/>
      </object_component>
      <object_component id="oc-5d">
         <name>.debug_info</name>
         <load_address>0x19d72</load_address>
         <run_address>0x19d72</run_address>
         <size>0x143</size>
         <input_file_ref idref="fl-db"/>
      </object_component>
      <object_component id="oc-17">
         <name>.debug_info</name>
         <load_address>0x19eb5</load_address>
         <run_address>0x19eb5</run_address>
         <size>0x1a3</size>
         <input_file_ref idref="fl-db"/>
      </object_component>
      <object_component id="oc-58">
         <name>.debug_info</name>
         <load_address>0x1a058</load_address>
         <run_address>0x1a058</run_address>
         <size>0x46</size>
         <input_file_ref idref="fl-db"/>
      </object_component>
      <object_component id="oc-d3">
         <name>.debug_info</name>
         <load_address>0x1a09e</load_address>
         <run_address>0x1a09e</run_address>
         <size>0x2c</size>
         <input_file_ref idref="fl-db"/>
      </object_component>
      <object_component id="oc-d1">
         <name>.debug_info</name>
         <load_address>0x1a0ca</load_address>
         <run_address>0x1a0ca</run_address>
         <size>0x13e</size>
         <input_file_ref idref="fl-dc"/>
      </object_component>
      <object_component id="oc-11">
         <name>.debug_info</name>
         <load_address>0x1a208</load_address>
         <run_address>0x1a208</run_address>
         <size>0x21e</size>
         <input_file_ref idref="fl-dc"/>
      </object_component>
      <object_component id="oc-48">
         <name>.debug_info</name>
         <load_address>0x1a426</load_address>
         <run_address>0x1a426</run_address>
         <size>0x60</size>
         <input_file_ref idref="fl-dc"/>
      </object_component>
      <object_component id="oc-1a1">
         <name>.debug_info</name>
         <load_address>0x1a486</load_address>
         <run_address>0x1a486</run_address>
         <size>0x46</size>
         <input_file_ref idref="fl-dc"/>
      </object_component>
      <object_component id="oc-cc">
         <name>.debug_info</name>
         <load_address>0x1a4cc</load_address>
         <run_address>0x1a4cc</run_address>
         <size>0x39</size>
         <input_file_ref idref="fl-dc"/>
      </object_component>
      <object_component id="oc-14b">
         <name>.debug_info</name>
         <load_address>0x1a505</load_address>
         <run_address>0x1a505</run_address>
         <size>0xf0</size>
         <input_file_ref idref="fl-dd"/>
      </object_component>
      <object_component id="oc-2a9">
         <name>.debug_info</name>
         <load_address>0x1a5f5</load_address>
         <run_address>0x1a5f5</run_address>
         <size>0x12f</size>
         <input_file_ref idref="fl-df"/>
      </object_component>
      <object_component id="oc-23d">
         <name>.debug_info</name>
         <load_address>0x1a724</load_address>
         <run_address>0x1a724</run_address>
         <size>0x1b1</size>
         <input_file_ref idref="fl-df"/>
      </object_component>
      <object_component id="oc-328">
         <name>.debug_info</name>
         <load_address>0x1a8d5</load_address>
         <run_address>0x1a8d5</run_address>
         <size>0xa7</size>
      </object_component>
      <object_component id="oc-b8">
         <name>.debug_line</name>
         <load_address>0x0</load_address>
         <run_address>0x0</run_address>
         <size>0x78</size>
         <input_file_ref idref="fl-2"/>
      </object_component>
      <object_component id="oc-257">
         <name>.debug_line</name>
         <load_address>0x78</load_address>
         <run_address>0x78</run_address>
         <size>0x20</size>
         <input_file_ref idref="fl-3"/>
      </object_component>
      <object_component id="oc-73">
         <name>.debug_line</name>
         <load_address>0x98</load_address>
         <run_address>0x98</run_address>
         <size>0x1fb</size>
         <input_file_ref idref="fl-3"/>
      </object_component>
      <object_component id="oc-50">
         <name>.debug_line</name>
         <load_address>0x293</load_address>
         <run_address>0x293</run_address>
         <size>0x20</size>
         <input_file_ref idref="fl-3"/>
      </object_component>
      <object_component id="oc-ec">
         <name>.debug_line</name>
         <load_address>0x2b3</load_address>
         <run_address>0x2b3</run_address>
         <size>0x72</size>
         <input_file_ref idref="fl-3"/>
      </object_component>
      <object_component id="oc-1f5">
         <name>.debug_line</name>
         <load_address>0x325</load_address>
         <run_address>0x325</run_address>
         <size>0x5f</size>
         <input_file_ref idref="fl-4"/>
      </object_component>
      <object_component id="oc-88">
         <name>.debug_line</name>
         <load_address>0x384</load_address>
         <run_address>0x384</run_address>
         <size>0x289</size>
         <input_file_ref idref="fl-4"/>
      </object_component>
      <object_component id="oc-25">
         <name>.debug_line</name>
         <load_address>0x60d</load_address>
         <run_address>0x60d</run_address>
         <size>0x6e</size>
         <input_file_ref idref="fl-4"/>
      </object_component>
      <object_component id="oc-16d">
         <name>.debug_line</name>
         <load_address>0x67b</load_address>
         <run_address>0x67b</run_address>
         <size>0x6f</size>
         <input_file_ref idref="fl-4"/>
      </object_component>
      <object_component id="oc-a0">
         <name>.debug_line</name>
         <load_address>0x6ea</load_address>
         <run_address>0x6ea</run_address>
         <size>0x68</size>
         <input_file_ref idref="fl-4"/>
      </object_component>
      <object_component id="oc-c5">
         <name>.debug_line</name>
         <load_address>0x752</load_address>
         <run_address>0x752</run_address>
         <size>0x20</size>
         <input_file_ref idref="fl-4"/>
      </object_component>
      <object_component id="oc-c0">
         <name>.debug_line</name>
         <load_address>0x772</load_address>
         <run_address>0x772</run_address>
         <size>0x63</size>
         <input_file_ref idref="fl-4"/>
      </object_component>
      <object_component id="oc-21e">
         <name>.debug_line</name>
         <load_address>0x7d5</load_address>
         <run_address>0x7d5</run_address>
         <size>0x73</size>
         <input_file_ref idref="fl-4"/>
      </object_component>
      <object_component id="oc-159">
         <name>.debug_line</name>
         <load_address>0x848</load_address>
         <run_address>0x848</run_address>
         <size>0x70</size>
         <input_file_ref idref="fl-4"/>
      </object_component>
      <object_component id="oc-ca">
         <name>.debug_line</name>
         <load_address>0x8b8</load_address>
         <run_address>0x8b8</run_address>
         <size>0x66</size>
         <input_file_ref idref="fl-4"/>
      </object_component>
      <object_component id="oc-172">
         <name>.debug_line</name>
         <load_address>0x91e</load_address>
         <run_address>0x91e</run_address>
         <size>0x63</size>
         <input_file_ref idref="fl-4"/>
      </object_component>
      <object_component id="oc-102">
         <name>.debug_line</name>
         <load_address>0x981</load_address>
         <run_address>0x981</run_address>
         <size>0x5f</size>
         <input_file_ref idref="fl-4"/>
      </object_component>
      <object_component id="oc-18b">
         <name>.debug_line</name>
         <load_address>0x9e0</load_address>
         <run_address>0x9e0</run_address>
         <size>0x63</size>
         <input_file_ref idref="fl-4"/>
      </object_component>
      <object_component id="oc-21a">
         <name>.debug_line</name>
         <load_address>0xa43</load_address>
         <run_address>0xa43</run_address>
         <size>0x20</size>
         <input_file_ref idref="fl-5"/>
      </object_component>
      <object_component id="oc-9a">
         <name>.debug_line</name>
         <load_address>0xa63</load_address>
         <run_address>0xa63</run_address>
         <size>0xbc</size>
         <input_file_ref idref="fl-5"/>
      </object_component>
      <object_component id="oc-1b8">
         <name>.debug_line</name>
         <load_address>0xb1f</load_address>
         <run_address>0xb1f</run_address>
         <size>0x63</size>
         <input_file_ref idref="fl-5"/>
      </object_component>
      <object_component id="oc-1bd">
         <name>.debug_line</name>
         <load_address>0xb82</load_address>
         <run_address>0xb82</run_address>
         <size>0x66</size>
         <input_file_ref idref="fl-5"/>
      </object_component>
      <object_component id="oc-1c2">
         <name>.debug_line</name>
         <load_address>0xbe8</load_address>
         <run_address>0xbe8</run_address>
         <size>0x63</size>
         <input_file_ref idref="fl-5"/>
      </object_component>
      <object_component id="oc-b2">
         <name>.debug_line</name>
         <load_address>0xc4b</load_address>
         <run_address>0xc4b</run_address>
         <size>0x5f</size>
         <input_file_ref idref="fl-5"/>
      </object_component>
      <object_component id="oc-1ab">
         <name>.debug_line</name>
         <load_address>0xcaa</load_address>
         <run_address>0xcaa</run_address>
         <size>0x6b</size>
         <input_file_ref idref="fl-5"/>
      </object_component>
      <object_component id="oc-1c7">
         <name>.debug_line</name>
         <load_address>0xd15</load_address>
         <run_address>0xd15</run_address>
         <size>0x63</size>
         <input_file_ref idref="fl-5"/>
      </object_component>
      <object_component id="oc-1f2">
         <name>.debug_line</name>
         <load_address>0xd78</load_address>
         <run_address>0xd78</run_address>
         <size>0x68</size>
         <input_file_ref idref="fl-5"/>
      </object_component>
      <object_component id="oc-1cc">
         <name>.debug_line</name>
         <load_address>0xde0</load_address>
         <run_address>0xde0</run_address>
         <size>0x63</size>
         <input_file_ref idref="fl-5"/>
      </object_component>
      <object_component id="oc-177">
         <name>.debug_line</name>
         <load_address>0xe43</load_address>
         <run_address>0xe43</run_address>
         <size>0x65</size>
         <input_file_ref idref="fl-5"/>
      </object_component>
      <object_component id="oc-1e5">
         <name>.debug_line</name>
         <load_address>0xea8</load_address>
         <run_address>0xea8</run_address>
         <size>0x62</size>
         <input_file_ref idref="fl-5"/>
      </object_component>
      <object_component id="oc-17c">
         <name>.debug_line</name>
         <load_address>0xf0a</load_address>
         <run_address>0xf0a</run_address>
         <size>0x63</size>
         <input_file_ref idref="fl-5"/>
      </object_component>
      <object_component id="oc-1d1">
         <name>.debug_line</name>
         <load_address>0xf6d</load_address>
         <run_address>0xf6d</run_address>
         <size>0x63</size>
         <input_file_ref idref="fl-5"/>
      </object_component>
      <object_component id="oc-1db">
         <name>.debug_line</name>
         <load_address>0xfd0</load_address>
         <run_address>0xfd0</run_address>
         <size>0x65</size>
         <input_file_ref idref="fl-5"/>
      </object_component>
      <object_component id="oc-19e">
         <name>.debug_line</name>
         <load_address>0x1035</load_address>
         <run_address>0x1035</run_address>
         <size>0x63</size>
         <input_file_ref idref="fl-5"/>
      </object_component>
      <object_component id="oc-1ea">
         <name>.debug_line</name>
         <load_address>0x1098</load_address>
         <run_address>0x1098</run_address>
         <size>0x63</size>
         <input_file_ref idref="fl-5"/>
      </object_component>
      <object_component id="oc-181">
         <name>.debug_line</name>
         <load_address>0x10fb</load_address>
         <run_address>0x10fb</run_address>
         <size>0x66</size>
         <input_file_ref idref="fl-5"/>
      </object_component>
      <object_component id="oc-186">
         <name>.debug_line</name>
         <load_address>0x1161</load_address>
         <run_address>0x1161</run_address>
         <size>0x65</size>
         <input_file_ref idref="fl-5"/>
      </object_component>
      <object_component id="oc-2ea">
         <name>.debug_line</name>
         <load_address>0x11c6</load_address>
         <run_address>0x11c6</run_address>
         <size>0x20</size>
         <input_file_ref idref="fl-6"/>
      </object_component>
      <object_component id="oc-250">
         <name>.debug_line</name>
         <load_address>0x11e6</load_address>
         <run_address>0x11e6</run_address>
         <size>0x63</size>
         <input_file_ref idref="fl-6"/>
      </object_component>
      <object_component id="oc-2ba">
         <name>.debug_line</name>
         <load_address>0x1249</load_address>
         <run_address>0x1249</run_address>
         <size>0x64</size>
         <input_file_ref idref="fl-6"/>
      </object_component>
      <object_component id="oc-245">
         <name>.debug_line</name>
         <load_address>0x12ad</load_address>
         <run_address>0x12ad</run_address>
         <size>0x68</size>
         <input_file_ref idref="fl-6"/>
      </object_component>
      <object_component id="oc-2ee">
         <name>.debug_line</name>
         <load_address>0x1315</load_address>
         <run_address>0x1315</run_address>
         <size>0x67</size>
         <input_file_ref idref="fl-6"/>
      </object_component>
      <object_component id="oc-24b">
         <name>.debug_line</name>
         <load_address>0x137c</load_address>
         <run_address>0x137c</run_address>
         <size>0x67</size>
         <input_file_ref idref="fl-6"/>
      </object_component>
      <object_component id="oc-2a6">
         <name>.debug_line</name>
         <load_address>0x13e3</load_address>
         <run_address>0x13e3</run_address>
         <size>0x63</size>
         <input_file_ref idref="fl-6"/>
      </object_component>
      <object_component id="oc-2f3">
         <name>.debug_line</name>
         <load_address>0x1446</load_address>
         <run_address>0x1446</run_address>
         <size>0x135</size>
         <input_file_ref idref="fl-7"/>
      </object_component>
      <object_component id="oc-294">
         <name>.debug_line</name>
         <load_address>0x157b</load_address>
         <run_address>0x157b</run_address>
         <size>0x6b</size>
         <input_file_ref idref="fl-7"/>
      </object_component>
      <object_component id="oc-2f7">
         <name>.debug_line</name>
         <load_address>0x15e6</load_address>
         <run_address>0x15e6</run_address>
         <size>0x6b</size>
         <input_file_ref idref="fl-7"/>
      </object_component>
      <object_component id="oc-2b0">
         <name>.debug_line</name>
         <load_address>0x1651</load_address>
         <run_address>0x1651</run_address>
         <size>0x64</size>
         <input_file_ref idref="fl-7"/>
      </object_component>
      <object_component id="oc-2fc">
         <name>.debug_line</name>
         <load_address>0x16b5</load_address>
         <run_address>0x16b5</run_address>
         <size>0x3f</size>
         <input_file_ref idref="fl-7"/>
      </object_component>
      <object_component id="oc-2e0">
         <name>.debug_line</name>
         <load_address>0x16f4</load_address>
         <run_address>0x16f4</run_address>
         <size>0xab</size>
         <input_file_ref idref="fl-8"/>
      </object_component>
      <object_component id="oc-2f1">
         <name>.debug_line</name>
         <load_address>0x179f</load_address>
         <run_address>0x179f</run_address>
         <size>0x37</size>
         <input_file_ref idref="fl-8"/>
      </object_component>
      <object_component id="oc-2d9">
         <name>.debug_line</name>
         <load_address>0x17d6</load_address>
         <run_address>0x17d6</run_address>
         <size>0x37</size>
         <input_file_ref idref="fl-8"/>
      </object_component>
      <object_component id="oc-2d7">
         <name>.debug_line</name>
         <load_address>0x180d</load_address>
         <run_address>0x180d</run_address>
         <size>0x37</size>
         <input_file_ref idref="fl-8"/>
      </object_component>
      <object_component id="oc-222">
         <name>.debug_line</name>
         <load_address>0x1844</load_address>
         <run_address>0x1844</run_address>
         <size>0x11b</size>
         <input_file_ref idref="fl-8"/>
      </object_component>
      <object_component id="oc-284">
         <name>.debug_line</name>
         <load_address>0x195f</load_address>
         <run_address>0x195f</run_address>
         <size>0xb0</size>
         <input_file_ref idref="fl-8"/>
      </object_component>
      <object_component id="oc-2dd">
         <name>.debug_line</name>
         <load_address>0x1a0f</load_address>
         <run_address>0x1a0f</run_address>
         <size>0x37</size>
         <input_file_ref idref="fl-8"/>
      </object_component>
      <object_component id="oc-2e3">
         <name>.debug_line</name>
         <load_address>0x1a46</load_address>
         <run_address>0x1a46</run_address>
         <size>0x20</size>
         <input_file_ref idref="fl-9"/>
      </object_component>
      <object_component id="oc-22a">
         <name>.debug_line</name>
         <load_address>0x1a66</load_address>
         <run_address>0x1a66</run_address>
         <size>0xef</size>
         <input_file_ref idref="fl-9"/>
      </object_component>
      <object_component id="oc-2e6">
         <name>.debug_line</name>
         <load_address>0x1b55</load_address>
         <run_address>0x1b55</run_address>
         <size>0xc3</size>
         <input_file_ref idref="fl-b"/>
      </object_component>
      <object_component id="oc-255">
         <name>.debug_line</name>
         <load_address>0x1c18</load_address>
         <run_address>0x1c18</run_address>
         <size>0x37</size>
         <input_file_ref idref="fl-b"/>
      </object_component>
      <object_component id="oc-231">
         <name>.debug_line</name>
         <load_address>0x1c4f</load_address>
         <run_address>0x1c4f</run_address>
         <size>0x113</size>
         <input_file_ref idref="fl-b"/>
      </object_component>
      <object_component id="oc-29d">
         <name>.debug_line</name>
         <load_address>0x1d62</load_address>
         <run_address>0x1d62</run_address>
         <size>0xac</size>
         <input_file_ref idref="fl-b"/>
      </object_component>
      <object_component id="oc-a6">
         <name>.debug_line</name>
         <load_address>0x1e0e</load_address>
         <run_address>0x1e0e</run_address>
         <size>0x208</size>
         <input_file_ref idref="fl-c"/>
      </object_component>
      <object_component id="oc-2ac">
         <name>.debug_line</name>
         <load_address>0x2016</load_address>
         <run_address>0x2016</run_address>
         <size>0x13d</size>
         <input_file_ref idref="fl-e"/>
      </object_component>
      <object_component id="oc-253">
         <name>.debug_line</name>
         <load_address>0x2153</load_address>
         <run_address>0x2153</run_address>
         <size>0x38</size>
         <input_file_ref idref="fl-e"/>
      </object_component>
      <object_component id="oc-2a2">
         <name>.debug_line</name>
         <load_address>0x218b</load_address>
         <run_address>0x218b</run_address>
         <size>0x38</size>
         <input_file_ref idref="fl-e"/>
      </object_component>
      <object_component id="oc-15c">
         <name>.debug_line</name>
         <load_address>0x21c3</load_address>
         <run_address>0x21c3</run_address>
         <size>0xc97</size>
         <input_file_ref idref="fl-e"/>
      </object_component>
      <object_component id="oc-233">
         <name>.debug_line</name>
         <load_address>0x2e5a</load_address>
         <run_address>0x2e5a</run_address>
         <size>0xc2</size>
         <input_file_ref idref="fl-e"/>
      </object_component>
      <object_component id="oc-2b5">
         <name>.debug_line</name>
         <load_address>0x2f1c</load_address>
         <run_address>0x2f1c</run_address>
         <size>0x38</size>
         <input_file_ref idref="fl-e"/>
      </object_component>
      <object_component id="oc-259">
         <name>.debug_line</name>
         <load_address>0x2f54</load_address>
         <run_address>0x2f54</run_address>
         <size>0x20</size>
         <input_file_ref idref="fl-10"/>
      </object_component>
      <object_component id="oc-f3">
         <name>.debug_line</name>
         <load_address>0x2f74</load_address>
         <run_address>0x2f74</run_address>
         <size>0x81</size>
         <input_file_ref idref="fl-10"/>
      </object_component>
      <object_component id="oc-1d6">
         <name>.debug_line</name>
         <load_address>0x2ff5</load_address>
         <run_address>0x2ff5</run_address>
         <size>0x66</size>
         <input_file_ref idref="fl-10"/>
      </object_component>
      <object_component id="oc-25d">
         <name>.debug_line</name>
         <load_address>0x305b</load_address>
         <run_address>0x305b</run_address>
         <size>0x62</size>
         <input_file_ref idref="fl-10"/>
      </object_component>
      <object_component id="oc-195">
         <name>.debug_line</name>
         <load_address>0x30bd</load_address>
         <run_address>0x30bd</run_address>
         <size>0x5f</size>
         <input_file_ref idref="fl-11"/>
      </object_component>
      <object_component id="oc-193">
         <name>.debug_line</name>
         <load_address>0x311c</load_address>
         <run_address>0x311c</run_address>
         <size>0x33</size>
         <input_file_ref idref="fl-11"/>
      </object_component>
      <object_component id="oc-136">
         <name>.debug_line</name>
         <load_address>0x314f</load_address>
         <run_address>0x314f</run_address>
         <size>0x335</size>
         <input_file_ref idref="fl-11"/>
      </object_component>
      <object_component id="oc-2f">
         <name>.debug_line</name>
         <load_address>0x3484</load_address>
         <run_address>0x3484</run_address>
         <size>0x11c</size>
         <input_file_ref idref="fl-11"/>
      </object_component>
      <object_component id="oc-199">
         <name>.debug_line</name>
         <load_address>0x35a0</load_address>
         <run_address>0x35a0</run_address>
         <size>0x33</size>
         <input_file_ref idref="fl-11"/>
      </object_component>
      <object_component id="oc-6b">
         <name>.debug_line</name>
         <load_address>0x35d3</load_address>
         <run_address>0x35d3</run_address>
         <size>0x2a5</size>
         <input_file_ref idref="fl-12"/>
      </object_component>
      <object_component id="oc-31">
         <name>.debug_line</name>
         <load_address>0x3878</load_address>
         <run_address>0x3878</run_address>
         <size>0x4f</size>
         <input_file_ref idref="fl-13"/>
      </object_component>
      <object_component id="oc-274">
         <name>.debug_line</name>
         <load_address>0x38c7</load_address>
         <run_address>0x38c7</run_address>
         <size>0x5f</size>
         <input_file_ref idref="fl-14"/>
      </object_component>
      <object_component id="oc-20e">
         <name>.debug_line</name>
         <load_address>0x3926</load_address>
         <run_address>0x3926</run_address>
         <size>0x38</size>
         <input_file_ref idref="fl-14"/>
      </object_component>
      <object_component id="oc-20a">
         <name>.debug_line</name>
         <load_address>0x395e</load_address>
         <run_address>0x395e</run_address>
         <size>0x38</size>
         <input_file_ref idref="fl-14"/>
      </object_component>
      <object_component id="oc-20c">
         <name>.debug_line</name>
         <load_address>0x3996</load_address>
         <run_address>0x3996</run_address>
         <size>0x38</size>
         <input_file_ref idref="fl-14"/>
      </object_component>
      <object_component id="oc-207">
         <name>.debug_line</name>
         <load_address>0x39ce</load_address>
         <run_address>0x39ce</run_address>
         <size>0x38</size>
         <input_file_ref idref="fl-14"/>
      </object_component>
      <object_component id="oc-92">
         <name>.debug_line</name>
         <load_address>0x3a06</load_address>
         <run_address>0x3a06</run_address>
         <size>0x5b</size>
         <input_file_ref idref="fl-14"/>
      </object_component>
      <object_component id="oc-2bd">
         <name>.debug_line</name>
         <load_address>0x3a61</load_address>
         <run_address>0x3a61</run_address>
         <size>0x20</size>
         <input_file_ref idref="fl-16"/>
      </object_component>
      <object_component id="oc-2c1">
         <name>.debug_line</name>
         <load_address>0x3a81</load_address>
         <run_address>0x3a81</run_address>
         <size>0x63</size>
         <input_file_ref idref="fl-16"/>
      </object_component>
      <object_component id="oc-1e0">
         <name>.debug_line</name>
         <load_address>0x3ae4</load_address>
         <run_address>0x3ae4</run_address>
         <size>0x63</size>
         <input_file_ref idref="fl-16"/>
      </object_component>
      <object_component id="oc-36">
         <name>.debug_line</name>
         <load_address>0x3b47</load_address>
         <run_address>0x3b47</run_address>
         <size>0x4b</size>
         <input_file_ref idref="fl-17"/>
      </object_component>
      <object_component id="oc-fb">
         <name>.debug_line</name>
         <load_address>0x3b92</load_address>
         <run_address>0x3b92</run_address>
         <size>0x125</size>
         <input_file_ref idref="fl-18"/>
      </object_component>
      <object_component id="oc-1ee">
         <name>.debug_line</name>
         <load_address>0x3cb7</load_address>
         <run_address>0x3cb7</run_address>
         <size>0xef</size>
         <input_file_ref idref="fl-19"/>
      </object_component>
      <object_component id="oc-82">
         <name>.debug_line</name>
         <load_address>0x3da6</load_address>
         <run_address>0x3da6</run_address>
         <size>0xed2</size>
         <input_file_ref idref="fl-19"/>
      </object_component>
      <object_component id="oc-20">
         <name>.debug_line</name>
         <load_address>0x4c78</load_address>
         <run_address>0x4c78</run_address>
         <size>0xed</size>
         <input_file_ref idref="fl-1a"/>
      </object_component>
      <object_component id="oc-79">
         <name>.debug_line</name>
         <load_address>0x4d65</load_address>
         <run_address>0x4d65</run_address>
         <size>0x50</size>
         <input_file_ref idref="fl-1a"/>
      </object_component>
      <object_component id="oc-169">
         <name>.debug_line</name>
         <load_address>0x4db5</load_address>
         <run_address>0x4db5</run_address>
         <size>0xa2</size>
         <input_file_ref idref="fl-1b"/>
      </object_component>
      <object_component id="oc-a8">
         <name>.debug_line</name>
         <load_address>0x4e57</load_address>
         <run_address>0x4e57</run_address>
         <size>0x37</size>
         <input_file_ref idref="fl-1b"/>
      </object_component>
      <object_component id="oc-44">
         <name>.debug_line</name>
         <load_address>0x4e8e</load_address>
         <run_address>0x4e8e</run_address>
         <size>0x197</size>
         <input_file_ref idref="fl-1b"/>
      </object_component>
      <object_component id="oc-46">
         <name>.debug_line</name>
         <load_address>0x5025</load_address>
         <run_address>0x5025</run_address>
         <size>0xa6</size>
         <input_file_ref idref="fl-1b"/>
      </object_component>
      <object_component id="oc-190">
         <name>.debug_line</name>
         <load_address>0x50cb</load_address>
         <run_address>0x50cb</run_address>
         <size>0x37</size>
         <input_file_ref idref="fl-1b"/>
      </object_component>
      <object_component id="oc-1b4">
         <name>.debug_line</name>
         <load_address>0x5102</load_address>
         <run_address>0x5102</run_address>
         <size>0xee</size>
         <input_file_ref idref="fl-1c"/>
      </object_component>
      <object_component id="oc-7f">
         <name>.debug_line</name>
         <load_address>0x51f0</load_address>
         <run_address>0x51f0</run_address>
         <size>0x249</size>
         <input_file_ref idref="fl-1c"/>
      </object_component>
      <object_component id="oc-e5">
         <name>.debug_line</name>
         <load_address>0x5439</load_address>
         <run_address>0x5439</run_address>
         <size>0x73</size>
         <input_file_ref idref="fl-d6"/>
      </object_component>
      <object_component id="oc-54">
         <name>.debug_line</name>
         <load_address>0x54ac</load_address>
         <run_address>0x54ac</run_address>
         <size>0x9a</size>
         <input_file_ref idref="fl-d7"/>
      </object_component>
      <object_component id="oc-261">
         <name>.debug_line</name>
         <load_address>0x5546</load_address>
         <run_address>0x5546</run_address>
         <size>0x8e</size>
         <input_file_ref idref="fl-d8"/>
      </object_component>
      <object_component id="oc-109">
         <name>.debug_line</name>
         <load_address>0x55d4</load_address>
         <run_address>0x55d4</run_address>
         <size>0x7b</size>
         <input_file_ref idref="fl-d8"/>
      </object_component>
      <object_component id="oc-265">
         <name>.debug_line</name>
[...]
         <value>0xda14</value>
         <object_component_ref idref="oc-6a"/>
      </symbol>
      <symbol id="sm-5fc">
         <name>_coreEnableRamEcc_</name>
         <value>0xd8a0</value>
         <object_component_ref idref="oc-6a"/>
      </symbol>
      <symbol id="sm-5fd">
         <name>_coreClearDataFault_</name>
         <value>0xd8fc</value>
         <object_component_ref idref="oc-6a"/>
      </symbol>
      <symbol id="sm-5fe">
         <name>_coreGetAuxiliaryDataFault_</name>
         <value>0xd944</value>
         <object_component_ref idref="oc-6a"/>
      </symbol>
      <symbol id="sm-5ff">
         <name>_enable_interrupt_</name>
         <value>0xd984</value>
         <object_component_ref idref="oc-6a"/>
      </symbol>
      <symbol id="sm-600">
         <name>_coreClearAuxiliaryInstructionFault_</name>
         <value>0xd960</value>
         <object_component_ref idref="oc-6a"/>
      </symbol>
      <symbol id="sm-601">
         <name>_coreDisableRamEcc_</name>
         <value>0xd8b0</value>
         <object_component_ref idref="oc-6a"/>
      </symbol>
      <symbol id="sm-602">
         <name>_coreGetDataFaultAddress_</name>
         <value>0xd91c</value>
         <object_component_ref idref="oc-6a"/>
      </symbol>
      <symbol id="sm-603">
         <name>_coreClearInstructionFault_</name>
         <value>0xd910</value>
         <object_component_ref idref="oc-6a"/>
      </symbol>
      <symbol id="sm-604">
         <name>_getCPSRValue_</name>
         <value>0xd860</value>
         <object_component_ref idref="oc-6a"/>
      </symbol>
      <symbol id="sm-605">
         <name>__TI_PINIT_Limit</name>
         <value>0xda28</value>
         <object_component_ref idref="oc-6a"/>
      </symbol>
      <symbol id="sm-606">
         <name>_coreEnableFlashEcc_</name>
         <value>0xd8c0</value>
         <object_component_ref idref="oc-6a"/>
      </symbol>
      <symbol id="sm-607">
         <name>_disable_FIQ_interrupt_</name>
         <value>0xd974</value>
         <object_component_ref idref="oc-6a"/>
      </symbol>
      <symbol id="sm-608">
         <name>_coreGetAuxiliaryInstructionFault_</name>
         <value>0xd958</value>
         <object_component_ref idref="oc-6a"/>
      </symbol>
      <symbol id="sm-609">
         <name>_coreInitStackPointer_</name>
         <value>0xd814</value>
         <object_component_ref idref="oc-6a"/>
      </symbol>
      <symbol id="sm-60a">
         <name>_esmCcmErrorsClear_</name>
         <value>0xd98c</value>
         <object_component_ref idref="oc-6a"/>
      </symbol>
      <symbol id="sm-60b">
         <name>_gotoCPUIdle_</name>
         <value>0xd868</value>
         <object_component_ref idref="oc-6a"/>
      </symbol>
      <symbol id="sm-60c">
         <name>_coreEnableIrqVicOffset_</name>
         <value>0xd8e4</value>
         <object_component_ref idref="oc-6a"/>
      </symbol>
      <symbol id="sm-60d">
         <name>_coreGetInstructionFault_</name>
         <value>0xd908</value>
         <object_component_ref idref="oc-6a"/>
      </symbol>
      <symbol id="sm-60e">
         <name>_coreClearAuxiliaryDataFault_</name>
         <value>0xd94c</value>
         <object_component_ref idref="oc-6a"/>
      </symbol>
      <symbol id="sm-60f">
         <name>_coreEnableEventBusExport_</name>
         <value>0xd880</value>
         <object_component_ref idref="oc-6a"/>
      </symbol>
      <symbol id="sm-61a">
         <name>resetEntry</name>
         <value>0x0</value>
         <object_component_ref idref="oc-30"/>
      </symbol>
      <symbol id="sm-647">
         <name>RX_Data_Slave</name>
         <value>0x8003020</value>
         <object_component_ref idref="oc-13b"/>
      </symbol>
      <symbol id="sm-648">
         <name>TX_Data_Slave</name>
         <value>0x8003060</value>
         <object_component_ref idref="oc-13e"/>
      </symbol>
      <symbol id="sm-649">
         <name>TX_Data_Master</name>
         <value>0x8003040</value>
         <object_component_ref idref="oc-144"/>
      </symbol>
      <symbol id="sm-64a">
         <name>main</name>
         <value>0xed3c</value>
         <object_component_ref idref="oc-8e"/>
      </symbol>
      <symbol id="sm-64b">
         <name>RX_Data_Master</name>
         <value>0x8003000</value>
         <object_component_ref idref="oc-141"/>
      </symbol>
      <symbol id="sm-664">
         <name>phantomInterrupt</name>
         <value>0xeeec</value>
         <object_component_ref idref="oc-35"/>
      </symbol>
      <symbol id="sm-66d">
         <name>_pmuResetCounters_</name>
         <value>0xeba8</value>
         <object_component_ref idref="oc-f7"/>
      </symbol>
      <symbol id="sm-66e">
         <name>_pmuGetEventCount_</name>
         <value>0xebdc</value>
         <object_component_ref idref="oc-f7"/>
      </symbol>
      <symbol id="sm-66f">
         <name>_pmuResetEventCounters_</name>
         <value>0xeb98</value>
         <object_component_ref idref="oc-f7"/>
      </symbol>
      <symbol id="sm-670">
         <name>_pmuStopCounters_</name>
         <value>0xebc0</value>
         <object_component_ref idref="oc-f7"/>
      </symbol>
      <symbol id="sm-671">
         <name>_pmuInit_</name>
         <value>0xeb1c</value>
         <object_component_ref idref="oc-f7"/>
      </symbol>
      <symbol id="sm-672">
         <name>_pmuGetOverflow_</name>
         <value>0xebe8</value>
         <object_component_ref idref="oc-f7"/>
      </symbol>
      <symbol id="sm-673">
         <name>_pmuResetCycleCounter_</name>
         <value>0xeb88</value>
         <object_component_ref idref="oc-f7"/>
      </symbol>
      <symbol id="sm-674">
         <name>_pmuSetCountEvent_</name>
         <value>0xebc8</value>
         <object_component_ref idref="oc-f7"/>
      </symbol>
      <symbol id="sm-675">
         <name>_pmuGetCycleCount_</name>
         <value>0xebd4</value>
         <object_component_ref idref="oc-f7"/>
      </symbol>
      <symbol id="sm-676">
         <name>_pmuEnableCountersGlobal_</name>
         <value>0xeb68</value>
         <object_component_ref idref="oc-f7"/>
      </symbol>
      <symbol id="sm-677">
         <name>_pmuDisableCountersGlobal_</name>
         <value>0xeb78</value>
         <object_component_ref idref="oc-f7"/>
      </symbol>
      <symbol id="sm-678">
         <name>_pmuStartCounters_</name>
         <value>0xebb8</value>
         <object_component_ref idref="oc-f7"/>
      </symbol>
      <symbol id="sm-7dc">
         <name>pbistSelfCheck</name>
         <value>0x82cc</value>
         <object_component_ref idref="oc-81"/>
      </symbol>
      <symbol id="sm-7dd">
         <name>fmcBus1ParityCheck</name>
         <value>0x9c00</value>
         <object_component_ref idref="oc-81"/>
      </symbol>
      <symbol id="sm-7de">
         <name>can1ParityCheck</name>
         <value>0x90bc</value>
         <object_component_ref idref="oc-81"/>
      </symbol>
      <symbol id="sm-7df">
         <name>enableParity</name>
         <value>0xa3d0</value>
         <object_component_ref idref="oc-81"/>
      </symbol>
      <symbol id="sm-7e0">
         <name>custom_dabort</name>
         <value>0x8df4</value>
         <object_component_ref idref="oc-81"/>
      </symbol>
      <symbol id="sm-7e1">
         <name>memoryInit</name>
         <value>0x8174</value>
         <object_component_ref idref="oc-81"/>
      </symbol>
      <symbol id="sm-7e2">
         <name>stcSelfCheck</name>
         <value>0x81b8</value>
         <object_component_ref idref="oc-81"/>
      </symbol>
      <symbol id="sm-7e3">
         <name>efcGetConfigValue</name>
         <value>0x9f98</value>
         <object_component_ref idref="oc-81"/>
      </symbol>
      <symbol id="sm-7e4">
         <name>can2ParityCheck</name>
         <value>0x9198</value>
         <object_component_ref idref="oc-81"/>
      </symbol>
      <symbol id="sm-7e5">
         <name>het1ParityCheck</name>
         <value>0x8eac</value>
         <object_component_ref idref="oc-81"/>
      </symbol>
      <symbol id="sm-7e6">
         <name>adc1ParityCheck</name>
         <value>0x9004</value>
         <object_component_ref idref="oc-81"/>
      </symbol>
      <symbol id="sm-7e7">
         <name>checkefcSelfTest</name>
         <value>0x87bc</value>
         <object_component_ref idref="oc-81"/>
      </symbol>
      <symbol id="sm-7e8">
         <name>checkRAMECC</name>
         <value>0x93bc</value>
         <object_component_ref idref="oc-81"/>
      </symbol>
      <symbol id="sm-7e9">
         <name>stcSelfCheckFail</name>
         <value>0x8df8</value>
         <object_component_ref idref="oc-81"/>
      </symbol>
      <symbol id="sm-7ea">
         <name>ccmSelfCheck</name>
         <value>0x8030</value>
         <object_component_ref idref="oc-81"/>
      </symbol>
      <symbol id="sm-7eb">
         <name>efcCheck</name>
         <value>0x8660</value>
         <object_component_ref idref="oc-81"/>
      </symbol>
      <symbol id="sm-7ec">
         <name>cpuSelfTest</name>
         <value>0x8234</value>
         <object_component_ref idref="oc-81"/>
      </symbol>
      <symbol id="sm-7ed">
         <name>htu1ParityCheck</name>
         <value>0x8f4c</value>
         <object_component_ref idref="oc-81"/>
      </symbol>
      <symbol id="sm-7ee">
         <name>checkFlashECC</name>
         <value>0x8d18</value>
         <object_component_ref idref="oc-81"/>
      </symbol>
      <symbol id="sm-7ef">
         <name>cpuSelfTestFail</name>
         <value>0x8dfc</value>
         <object_component_ref idref="oc-81"/>
      </symbol>
      <symbol id="sm-7f0">
         <name>checkPLL1Slip</name>
         <value>0x9880</value>
         <object_component_ref idref="oc-81"/>
      </symbol>
      <symbol id="sm-7f1">
         <name>mibspi1ParityCheck</name>
         <value>0x9260</value>
         <object_component_ref idref="oc-81"/>
      </symbol>
      <symbol id="sm-7f2">
         <name>ccmr4GetConfigValue</name>
         <value>0xa034</value>
         <object_component_ref idref="oc-81"/>
      </symbol>
      <symbol id="sm-7f3">
         <name>pbistPortTestStatus</name>
         <value>0x8608</value>
         <object_component_ref idref="oc-81"/>
      </symbol>
      <symbol id="sm-7f4">
         <name>checkFlashEEPROMECC</name>
         <value>0x96d8</value>
         <object_component_ref idref="oc-81"/>
      </symbol>
      <symbol id="sm-7f5">
         <name>pbistGetConfigValue</name>
         <value>0x9db0</value>
         <object_component_ref idref="oc-81"/>
      </symbol>
      <symbol id="sm-7f6">
         <name>vimParityCheck</name>
         <value>0x8e00</value>
         <object_component_ref idref="oc-81"/>
      </symbol>
      <symbol id="sm-7f7">
         <name>pbistIsTestCompleted</name>
         <value>0x85a8</value>
         <object_component_ref idref="oc-81"/>
      </symbol>
      <symbol id="sm-7f8">
         <name>disableParity</name>
         <value>0xa424</value>
         <object_component_ref idref="oc-81"/>
      </symbol>
      <symbol id="sm-7f9">
         <name>pbistRun</name>
         <value>0x84ac</value>
         <object_component_ref idref="oc-81"/>
      </symbol>
      <symbol id="sm-7fa">
         <name>pbistFail</name>
         <value>0x9d2c</value>
         <object_component_ref idref="oc-81"/>
      </symbol>
      <symbol id="sm-7fb">
         <name>selftestFailNotification</name>
         <value>0x8020</value>
         <object_component_ref idref="oc-81"/>
      </symbol>
      <symbol id="sm-7fc">
         <name>errata_PBIST_4</name>
         <value>0xa0b0</value>
         <object_component_ref idref="oc-81"/>
      </symbol>
      <symbol id="sm-7fd">
         <name>efcSelfTest</name>
         <value>0x8794</value>
         <object_component_ref idref="oc-81"/>
      </symbol>
      <symbol id="sm-7fe">
         <name>checkB1RAMECC</name>
         <value>0x8b28</value>
         <object_component_ref idref="oc-81"/>
      </symbol>
      <symbol id="sm-7ff">
         <name>pbistStop</name>
         <value>0x8578</value>
         <object_component_ref idref="oc-81"/>
      </symbol>
      <symbol id="sm-800">
         <name>checkRAMAddrParity</name>
         <value>0x999c</value>
         <object_component_ref idref="oc-81"/>
      </symbol>
      <symbol id="sm-801">
         <name>checkB0RAMECC</name>
         <value>0x8938</value>
         <object_component_ref idref="oc-81"/>
      </symbol>
      <symbol id="sm-802">
         <name>stcGetConfigValue</name>
         <value>0x9ef8</value>
         <object_component_ref idref="oc-81"/>
      </symbol>
      <symbol id="sm-803">
         <name>pbistIsTestPassed</name>
         <value>0x85d4</value>
         <object_component_ref idref="oc-81"/>
      </symbol>
      <symbol id="sm-804">
         <name>checkClockMonitor</name>
         <value>0x9604</value>
         <object_component_ref idref="oc-81"/>
      </symbol>
      <symbol id="sm-805">
         <name>fmcECCcheck</name>
         <value>0x8898</value>
         <object_component_ref idref="oc-81"/>
      </symbol>
      <symbol id="sm-806">
         <name>fmcBus2Check</name>
         <value>0x885c</value>
         <object_component_ref idref="oc-81"/>
      </symbol>
      <symbol id="sm-807">
         <name>checkRAMUERRTest</name>
         <value>0x9aa4</value>
         <object_component_ref idref="oc-81"/>
      </symbol>
      <symbol id="sm-808">
         <name>efcStuckZeroTest</name>
         <value>0x86e8</value>
         <object_component_ref idref="oc-81"/>
      </symbol>
      <symbol id="sm-831">
         <name>_c_int00</name>
         <value>0xe144</value>
         <object_component_ref idref="oc-1b"/>
      </symbol>
      <symbol id="sm-832">
         <name>handlePLLLockFail</name>
         <value>0xeef0</value>
         <object_component_ref idref="oc-75"/>
      </symbol>
      <symbol id="sm-8ca">
         <name>vimChannelMap</name>
         <value>0xbe68</value>
         <object_component_ref idref="oc-3f"/>
      </symbol>
      <symbol id="sm-8cb">
         <name>vimInit</name>
         <value>0xbd94</value>
         <object_component_ref idref="oc-3f"/>
      </symbol>
      <symbol id="sm-8cc">
         <name>vimEnableInterrupt</name>
         <value>0xbf0c</value>
         <object_component_ref idref="oc-3f"/>
      </symbol>
      <symbol id="sm-8cd">
         <name>vimDisableInterrupt</name>
         <value>0xc064</value>
         <object_component_ref idref="oc-3f"/>
      </symbol>
      <symbol id="sm-8ce">
         <name>vimGetConfigValue</name>
         <value>0xc0e8</value>
         <object_component_ref idref="oc-3f"/>
      </symbol>
      <symbol id="sm-8cf">
         <name>vimParityErrorHandler</name>
         <value>0xdca4</value>
         <object_component_ref idref="oc-3b"/>
      </symbol>
      <symbol id="sm-923">
         <name>systemGetConfigValue</name>
         <value>0xb62c</value>
         <object_component_ref idref="oc-7b"/>
      </symbol>
      <symbol id="sm-924">
         <name>trimLPO</name>
         <value>0xb344</value>
         <object_component_ref idref="oc-7b"/>
      </symbol>
      <symbol id="sm-925">
         <name>systemInit</name>
         <value>0xb530</value>
         <object_component_ref idref="oc-7b"/>
      </symbol>
      <symbol id="sm-926">
         <name>customTrimLPO</name>
         <value>0xbcd4</value>
         <object_component_ref idref="oc-7b"/>
      </symbol>
      <symbol id="sm-927">
         <name>tcmflashGetConfigValue</name>
         <value>0xb9ec</value>
         <object_component_ref idref="oc-7b"/>
      </symbol>
      <symbol id="sm-928">
         <name>sramGetConfigValue</name>
         <value>0xbb98</value>
         <object_component_ref idref="oc-7b"/>
      </symbol>
      <symbol id="sm-929">
         <name>periphInit</name>
         <value>0xb3f8</value>
         <object_component_ref idref="oc-7b"/>
      </symbol>
      <symbol id="sm-92a">
         <name>setupFlash</name>
         <value>0xb3b8</value>
         <object_component_ref idref="oc-7b"/>
      </symbol>
      <symbol id="sm-92b">
         <name>setupPLL</name>
         <value>0xb2f4</value>
         <object_component_ref idref="oc-7b"/>
      </symbol>
      <symbol id="sm-92c">
         <name>mapClocks</name>
         <value>0xb44c</value>
         <object_component_ref idref="oc-7b"/>
      </symbol>
      <symbol id="sm-92d">
         <name>systemPowerDown</name>
         <value>0xb5fc</value>
         <object_component_ref idref="oc-7b"/>
      </symbol>
      <symbol id="sm-93c">
         <name>__aeabi_memset</name>
         <value>0xec00</value>
         <object_component_ref idref="oc-e1"/>
      </symbol>
      <symbol id="sm-93d">
         <name>memset</name>
         <value>0xec0c</value>
         <object_component_ref idref="oc-e1"/>
      </symbol>
      <symbol id="sm-93e">
         <name>__aeabi_memset8</name>
         <value>0xec00</value>
         <object_component_ref idref="oc-e1"/>
      </symbol>
      <symbol id="sm-93f">
         <name>__aeabi_memset4</name>
         <value>0xec00</value>
         <object_component_ref idref="oc-e1"/>
      </symbol>
      <symbol id="sm-940">
         <name>__aeabi_memclr8</name>
         <value>0xebfc</value>
         <object_component_ref idref="oc-e1"/>
      </symbol>
      <symbol id="sm-941">
         <name>__aeabi_memclr4</name>
         <value>0xebfc</value>
         <object_component_ref idref="oc-e1"/>
      </symbol>
      <symbol id="sm-942">
         <name>__aeabi_memclr</name>
         <value>0xebfc</value>
         <object_component_ref idref="oc-e1"/>
      </symbol>
      <symbol id="sm-95b">
         <name>memcpy</name>
         <value>0xe514</value>
         <object_component_ref idref="oc-52"/>
      </symbol>
      <symbol id="sm-95c">
         <name>__aeabi_memcpy</name>
         <value>0xe514</value>
         <object_component_ref idref="oc-52"/>
      </symbol>
      <symbol id="sm-95d">
         <name>__aeabi_memcpy8</name>
         <value>0xe514</value>
         <object_component_ref idref="oc-52"/>
      </symbol>
      <symbol id="sm-95e">
         <name>__aeabi_memcpy4</name>
         <value>0xe514</value>
         <object_component_ref idref="oc-52"/>
      </symbol>
      <symbol id="sm-986">
         <name>__TI_auto_init_nobinit_nopinit</name>
         <value>0xee38</value>
         <object_component_ref idref="oc-105"/>
      </symbol>
      <symbol id="sm-999">
         <name>__TI_zero_init</name>
         <value>0xeed4</value>
         <object_component_ref idref="oc-64"/>
      </symbol>
      <symbol id="sm-9b0">
         <name>__TI_decompress_none</name>
         <value>0xeec0</value>
         <object_component_ref idref="oc-14"/>
      </symbol>
      <symbol id="sm-9d3">
         <name>__TI_decompress_lzss</name>
         <value>0xecac</value>
         <object_component_ref idref="oc-e"/>
      </symbol>
      <symbol id="sm-9de">
         <name>C$$EXIT</name>
         <value>0xeee4</value>
         <object_component_ref idref="oc-148"/>
      </symbol>
      <symbol id="sm-9df">
         <name>abort</name>
         <value>0xeee4</value>
         <object_component_ref idref="oc-148"/>
      </symbol>
      <symbol id="sm-9ee">
         <name>strlen</name>
         <value>0xeea0</value>
         <object_component_ref idref="oc-23b"/>
      </symbol>
      <symbol id="sm-9ef">
         <name>__TI_static_base__</name>
         <value>0x0</value>
      </symbol>
      <symbol id="sm-9f3">
         <name>SHT$$INIT_ARRAY$$Base</name>
         <value>0x0</value>
      </symbol>
      <symbol id="sm-9f4">
         <name>SHT$$INIT_ARRAY$$Limit</name>
         <value>0x0</value>
      </symbol>
      <symbol id="sm-9f5">
         <name>_system_post_cinit</name>
         <value>0x0</value>
      </symbol>
   </symbol_table>
   <title>Link successful</title>
</link_info>
