******************************************************************************
                  TI ARM Linker PC v18.12.4                    
******************************************************************************
>> Linked Fri Feb 12 09:55:36 2021

OUTPUT FILE NAME:   <TMS570_free_RTOS_SPI.out>
ENTRY POINT SYMBOL: "_c_int00"  address: 0000e144


MEMORY CONFIGURATION

         name            origin    length      used     unused   attr    fill
----------------------  --------  ---------  --------  --------  ----  --------
  VECTORS               00000000   00000020  00000020  00000000     X
  KERNEL                00000020   00008000  00003748  000048b8  R  X
  FLASH0                00008020   00057fe0  00007054  00050f8c  R  X
  STACKS                08000000   00000800  00000000  00000800  RW  
  KRAM                  08000800   00000800  00000104  000006fc  RW  
  RAM                   08001000   00007000  000020e8  00004f18  RW  


SEGMENT ALLOCATION MAP

run origin  load origin   length   init length attrs members
----------  ----------- ---------- ----------- ----- -------
00000000    00000000    00003768   00003768    r-x
  00000000    00000000    00000020   00000020    r-x .intvecs
  00000020    00000020    000036c8   000036c8    r-x .kernelTEXT
  000036e8    000036e8    00000080   00000080    r-- .cinit
00008020    00008020    00007054   00007054    r-x
  00008020    00008020    00006ed4   00006ed4    r-x .text
  0000eef4    0000eef4    00000180   00000180    r-- .const
08000800    08000800    00000104   00000000    rw-
  08000800    08000800    00000104   00000000    rw- .kernelBSS
08001000    08001000    000020e8   00000000    rw-
  08001000    08001000    00002000   00000000    rw- .kernelHEAP
  08003000    08003000    00000098   00000000    rw- .data
  08003098    08003098    00000050   00000000    rw- .bss


SECTION ALLOCATION MAP

 output                                  attributes/
section   page    origin      length       input sections
--------  ----  ----------  ----------   ----------------
.intvecs   0    00000000    00000020     
                  00000000    00000020     sys_intvecs.obj (.intvecs)

.kernelTEXT 
*          0    00000020    000036c8     
                  00000020    00002bdc     os_tasks.obj (.kernelTEXT)
                  00002bfc    000003bc     os_port.obj (.kernelTEXT)
                  00002fb8    000003b0     os_portasm.obj (.kernelTEXT)
                  00003368    00000380     os_heap.obj (.kernelTEXT)

.cinit     0    000036e8    00000080     
                  000036e8    00000036     (.cinit..data.load) [load image, compression = lzss]
                  0000371e    00000002     --HOLE-- [fill = 0]
                  00003720    0000000c     (__TI_handler_table)
                  0000372c    00000009     (.cinit..kernelBSS.load) [load image, compression = lzss]
                  00003735    00000003     --HOLE-- [fill = 0]
                  00003738    00000008     (.cinit..bss.load) [load image, compression = zero_init]
                  00003740    00000008     (.cinit..kernelHEAP.load) [load image, compression = zero_init]
                  00003748    00000020     (__TI_cinit_table)

.text      0    00008020    00006ed4     
                  00008020    000024f0     sys_selftest.obj (.text)
                  0000a510    00000de4     spi.obj (.text)
                  0000b2f4    00000aa0     system.obj (.text)
                  0000bd94    0000089c     sys_vim.obj (.text)
                  0000c630    00000664     errata_SSWF021_45.obj (.text)
                  0000cc94    000005bc     esm.obj (.text)
                  0000d250    0000050c     spi.obj (.text:retain)
                  0000d75c    000002d0     sys_core.obj (.text)
                  0000da2c    00000278     os_heap.obj (.text)
                  0000dca4    00000268     sys_vim.obj (.text:retain)
                  0000df0c    00000238     os_list.obj (.text)
                  0000e144    0000021c     sys_startup.obj (.text:retain)
                  0000e360    000001b4     os_port.obj (.text)
                  0000e514    00000180     rtsv7R4_A_be_eabi.lib : memcpy32.asm.obj (.text)
                  0000e694    00000164     os_tasks.obj (.text)
                  0000e7f8    00000150     pinmux.obj (.text)
                  0000e948    000000ec     esm.obj (.text:retain)
                  0000ea34    000000e8     dabort.obj (.text)
                  0000eb1c    000000e0     sys_pmu.obj (.text)
                  0000ebfc    000000b0     rtsv7R4_A_be_eabi.lib : memset32.asm.obj (.text)
                  0000ecac    00000090                           : copy_decompress_lzss.c.obj (.text:decompress:lzss:__TI_decompress_lzss)
                  0000ed3c    00000080     sys_main.obj (.text)
                  0000edbc    0000007c     notification.obj (.text)
                  0000ee38    00000068     rtsv7R4_A_be_eabi.lib : autoinit.c.obj (.text:__TI_auto_init_nobinit_nopinit:__TI_auto_init_nobinit_nopinit)
                  0000eea0    00000020                           : strlen.c.obj (.text:strlen)
                  0000eec0    00000014                           : copy_decompress_none.c.obj (.text:decompress:none:__TI_decompress_none)
                  0000eed4    00000010                           : copy_zero_init.c.obj (.text:decompress:ZI:__TI_zero_init)
                  0000eee4    00000008                           : exit.c.obj (.text:abort:abort)
                  0000eeec    00000004     sys_phantom.obj (.text:retain)
                  0000eef0    00000004     sys_startup.obj (.text)

.const     0    0000eef4    00000180     
                  0000eef4    00000180     sys_vim.obj (.const:s_vim_init)

.kernelBSS 
*          0    08000800    00000104     UNINITIALIZED
                  08000800    000000d0     os_tasks.obj (.kernelBSS:uninit)
                  080008d0    00000034     os_tasks.obj (.kernelBSS:init)

.kernelHEAP 
*          0    08001000    00002000     UNINITIALIZED
                  08001000    00002000     os_heap.obj (.kernelHEAP)

.data      0    08003000    00000098     UNINITIALIZED
                  08003000    00000020     sys_main.obj (.data:RX_Data_Master)
                  08003020    00000020     sys_main.obj (.data:RX_Data_Slave)
                  08003040    00000020     sys_main.obj (.data:TX_Data_Master)
                  08003060    00000020     sys_main.obj (.data:TX_Data_Slave)
                  08003080    00000010     os_heap.obj (.data)
                  08003090    00000008     os_port.obj (.data)

.bss       0    08003098    00000050     UNINITIALIZED
                  08003098    00000048     spi.obj (.bss:g_spiPacket_t)
                  080030e0    00000008     os_heap.obj (.bss:xStart)

MODULE SUMMARY

       Module                       code    ro data   rw data
       ------                       ----    -------   -------
    .\source\
       os_tasks.obj                 11584   0         260    
       os_heap.obj                  1528    0         8216   
       sys_selftest.obj             9456    0         0      
       spi.obj                      4848    0         72     
       sys_vim.obj                  2820    384       0      
       system.obj                   2720    0         0      
       esm.obj                      1704    0         0      
       errata_SSWF021_45.obj        1636    0         0      
       os_port.obj                  1392    0         8      
       os_portasm.obj               944     0         0      
       sys_core.obj                 720     0         0      
       os_list.obj                  568     0         0      
       sys_startup.obj              544     0         0      
       pinmux.obj                   336     0         0      
       sys_main.obj                 128     0         128    
       dabort.obj                   232     0         0      
       sys_pmu.obj                  224     0         0      
       notification.obj             124     0         0      
       sys_intvecs.obj              32      0         0      
       sys_phantom.obj              4       0         0      
    +--+----------------------------+-------+---------+---------+
       Total:                       41544   384       8684   
                                                             
    C:\ti\ccs930\ccs\tools\compiler\ti-cgt-arm_18.12.4.LTS\lib\rtsv7R4_A_be_eabi.lib
       memcpy32.asm.obj             384     0         0      
       memset32.asm.obj             176     0         0      
       copy_decompress_lzss.c.obj   144     0         0      
       autoinit.c.obj               104     0         0      
       strlen.c.obj                 32      0         0      
       copy_decompress_none.c.obj   20      0         0      
       copy_zero_init.c.obj         16      0         0      
       exit.c.obj                   8       0         0      
    +--+----------------------------+-------+---------+---------+
       Total:                       884     0         0      
                                                             
       Linker Generated:            0       123       0      
    +--+----------------------------+-------+---------+---------+
       Grand Total:                 42428   507       8684   


LINKER GENERATED COPY TABLES

__TI_cinit_table @ 00003748 records: 4, size/record: 8, table size: 32
	.data: load addr=000036e8, load size=00000036 bytes, run addr=08003000, run size=00000098 bytes, compression=lzss
	.kernelBSS: load addr=0000372c, load size=00000009 bytes, run addr=08000800, run size=00000104 bytes, compression=lzss
	.bss: load addr=00003738, load size=00000008 bytes, run addr=08003098, run size=00000050 bytes, compression=zero_init
	.kernelHEAP: load addr=00003740, load size=00000008 bytes, run addr=08001000, run size=00002000 bytes, compression=zero_init


LINKER GENERATED HANDLER TABLE

__TI_handler_table @ 00003720 records: 3, size/record: 4, table size: 12
	index: 0, handler: __TI_decompress_lzss
	index: 1, handler: __TI_decompress_none
	index: 2, handler: __TI_zero_init


GLOBAL SYMBOLS: SORTED ALPHABETICALLY BY Name 

address   name                                
-------   ----                                
0000eee4  C$$EXIT                             
08003000  RX_Data_Master                      
08003020  RX_Data_Slave                       
UNDEFED   SHT$$INIT_ARRAY$$Base               
UNDEFED   SHT$$INIT_ARRAY$$Limit              
0000ae08  SpiRxStatus                         
0000adac  SpiTxStatus                         
08003040  TX_Data_Master                      
08003060  TX_Data_Slave                       
00003748  __TI_CINIT_Base                     
00003768  __TI_CINIT_Limit                    
00003720  __TI_Handler_Table_Base             
0000372c  __TI_Handler_Table_Limit            
0000da24  __TI_PINIT_Base                     
0000da28  __TI_PINIT_Limit                    
0000ee38  __TI_auto_init_nobinit_nopinit      
0000ecac  __TI_decompress_lzss                
0000eec0  __TI_decompress_none                
ffffffff  __TI_pprof_out_hndl                 
ffffffff  __TI_prof_data_size                 
ffffffff  __TI_prof_data_start                
00000000  __TI_static_base__                  
0000eed4  __TI_zero_init                      
0000ebfc  __aeabi_memclr                      
0000ebfc  __aeabi_memclr4                     
0000ebfc  __aeabi_memclr8                     
0000e514  __aeabi_memcpy                      
0000e514  __aeabi_memcpy4                     
0000e514  __aeabi_memcpy8                     
0000ec00  __aeabi_memset                      
0000ec00  __aeabi_memset4                     
0000ec00  __aeabi_memset8                     
ffffffff  __binit__                           
ffffffff  __c_args__                          
0000e144  _c_int00                            
0000d94c  _coreClearAuxiliaryDataFault_       
0000d960  _coreClearAuxiliaryInstructionFault_
0000d924  _coreClearDataFaultAddress_         
0000d8fc  _coreClearDataFault_                
0000d938  _coreClearInstructionFaultAddress_  
0000d910  _coreClearInstructionFault_         
0000d890  _coreDisableEventBusExport_         
0000d8d4  _coreDisableFlashEcc_               
0000d8b0  _coreDisableRamEcc_                 
0000d880  _coreEnableEventBusExport_          
0000d8c0  _coreEnableFlashEcc_                
0000d8e4  _coreEnableIrqVicOffset_            
0000d8a0  _coreEnableRamEcc_                  
0000d944  _coreGetAuxiliaryDataFault_         
0000d958  _coreGetAuxiliaryInstructionFault_  
0000d91c  _coreGetDataFaultAddress_           
0000d8f4  _coreGetDataFault_                  
0000d930  _coreGetInstructionFaultAddress_    
0000d908  _coreGetInstructionFault_           
0000d75c  _coreInitRegisters_                 
0000d814  _coreInitStackPointer_              
0000ea34  _dabort                             
0000d974  _disable_FIQ_interrupt_             
0000d97c  _disable_IRQ_interrupt_             
0000d96c  _disable_interrupt_                 
0000d984  _enable_interrupt_                  
0000da14  _errata_CORTEXR4_66_                
0000c630  _errata_SSWF021_45_both_plls        
0000c824  _errata_SSWF021_45_pll1             
0000c99c  _errata_SSWF021_45_pll2             
0000d98c  _esmCcmErrorsClear_                 
0000d860  _getCPSRValue_                      
0000d868  _gotoCPUIdle_                       
0000eb78  _pmuDisableCountersGlobal_          
0000eb68  _pmuEnableCountersGlobal_           
0000ebd4  _pmuGetCycleCount_                  
0000ebdc  _pmuGetEventCount_                  
0000ebe8  _pmuGetOverflow_                    
0000eb1c  _pmuInit_                           
0000eba8  _pmuResetCounters_                  
0000eb88  _pmuResetCycleCounter_              
0000eb98  _pmuResetEventCounters_             
0000ebc8  _pmuSetCountEvent_                  
0000ebb8  _pmuStartCounters_                  
0000ebc0  _pmuStopCounters_                   
UNDEFED   _system_post_cinit                  
0000eee4  abort                               
00009004  adc1ParityCheck                     
ffffffff  binit                               
000090bc  can1ParityCheck                     
00009198  can2ParityCheck                     
00008030  ccmSelfCheck                        
0000a034  ccmr4GetConfigValue                 
00008938  checkB0RAMECC                       
00008b28  checkB1RAMECC                       
00009604  checkClockMonitor                   
00008d18  checkFlashECC                       
000096d8  checkFlashEEPROMECC                 
00009880  checkPLL1Slip                       
0000999c  checkRAMAddrParity                  
000093bc  checkRAMECC                         
00009aa4  checkRAMUERRTest                    
000087bc  checkefcSelfTest                    
00008234  cpuSelfTest                         
00008dfc  cpuSelfTestFail                     
0000bcd4  customTrimLPO                       
00008df4  custom_dabort                       
0000a424  disableParity                       
00001f18  eTaskConfirmSleepModeStatus         
00000890  eTaskGetState                       
00008660  efcCheck                            
00009f98  efcGetConfigValue                   
00008794  efcSelfTest                         
000086e8  efcStuckZeroTest                    
0000a3d0  enableParity                        
0000a0b0  errata_PBIST_4                      
0000ce18  esmActivateNormalOperation          
0000ceec  esmClearStatus                      
0000cf2c  esmClearStatusBuffer                
0000cde0  esmDisableError                     
0000ce50  esmDisableInterrupt                 
0000cdb8  esmEnableError                      
0000ce28  esmEnableInterrupt                  
0000d024  esmEnterSelfTest                    
0000cd9c  esmError                            
0000d0fc  esmGetConfigValue                   
0000cf68  esmGetStatus                        
0000cfec  esmGetStatusBuffer                  
0000edbc  esmGroup1Notification               
0000edcc  esmGroup2Notification               
0000e948  esmHighInterrupt                    
0000cc94  esmInit                             
0000d0ac  esmSelfTestStatus                   
0000cf48  esmSetCounterPreloadValue           
0000ce78  esmSetInterruptLevel                
0000ce08  esmTriggerErrorPinReset             
00009c00  fmcBus1ParityCheck                  
0000885c  fmcBus2Check                        
00008898  fmcECCcheck                         
0000eef0  handlePLLLockFail                   
00008eac  het1ParityCheck                     
00008f4c  htu1ParityCheck                     
0000ed3c  main                                
0000b44c  mapClocks                           
0000e514  memcpy                              
00008174  memoryInit                          
0000eddc  memoryPort0TestFailNotification     
0000edf8  memoryPort1TestFailNotification     
0000ec0c  memset                              
00009260  mibspi1ParityCheck                  
0000e7f8  muxInit                             
00009d2c  pbistFail                           
00009db0  pbistGetConfigValue                 
000085a8  pbistIsTestCompleted                
000085d4  pbistIsTestPassed                   
00008608  pbistPortTestStatus                 
000084ac  pbistRun                            
000082cc  pbistSelfCheck                      
00008578  pbistStop                           
00001354  pcTaskGetName                       
0000b3f8  periphInit                          
0000eeec  phantomInterrupt                    
0000e880  pinmuxGetConfigValue                
00003340  prvMpuDisable                       
00003328  prvMpuEnable                        
00003310  prvMpuSetRegion                     
00003368  pvPortMalloc                        
00001ff8  pvTaskGetThreadLocalStoragePointer  
080008d0  pxCurrentTCB                        
00002bfc  pxPortInitialiseStack               
00000000  resetEntry                          
00008020  selftestFailNotification            
0000b3b8  setupFlash                          
0000b2f4  setupPLL                            
0000af10  spi2GetConfigValue                  
0000d250  spi2HighLevelInterrupt              
0000b0a0  spi3GetConfigValue                  
0000d490  spi3LowLevelInterrupt               
0000ae98  spiDisableLoopback                  
0000aee4  spiDisableNotification              
0000ae64  spiEnableLoopback                   
0000aeb4  spiEnableNotification               
0000ee28  spiEndNotification                  
0000a8a4  spiGetData                          
0000a510  spiInit                             
0000ee14  spiNotification                     
0000a788  spiReceiveData                      
0000ac9c  spiSendAndGetData                   
0000aa98  spiSendData                         
0000a768  spiSetFunctional                    
0000ab60  spiTransmitAndReceiveData           
0000a96c  spiTransmitData                     
0000bb98  sramGetConfigValue                  
00009ef8  stcGetConfigValue                   
000081b8  stcSelfCheck                        
00008df8  stcSelfCheckFail                    
0000eea0  strlen                              
0000b62c  systemGetConfigValue                
0000b530  systemInit                          
0000b5fc  systemPowerDown                     
0000b9ec  tcmflashGetConfigValue              
0000b344  trimLPO                             
08003090  ulCriticalNesting                   
0000324c  ulPortCountLeadingZeros             
08003094  ulTaskHasFPUContext                 
00002390  ulTaskNotifyTake                    
0000e0b8  uxListRemove                        
00001348  uxTaskGetNumberOfTasks              
0000223c  uxTaskGetStackHighWaterMark         
00000994  uxTaskPriorityGet                   
000009d8  uxTaskPriorityGetFromISR            
00002354  uxTaskResetEventItemValue           
0000df0c  vListInitialise                     
0000df64  vListInitialiseItem                 
0000dff4  vListInsert                         
0000df80  vListInsertEnd                      
00002f84  vPortEndScheduler                   
000035c0  vPortFree                           
000036d0  vPortInitialiseBlocks               
0000318c  vPortPreemptiveTick                 
00003254  vPortSWI                            
00002fbc  vPortStartFirstTask                 
00002cec  vPortStoreTaskMPUSettings           
000030d8  vPortYeildWithinAPI                 
0000302c  vPortYieldProcessor                 
00002064  vTaskAllocateMPURegions             
0000080c  vTaskDelay                          
000006a0  vTaskDelayUntil                     
00000538  vTaskDelete                         
00001084  vTaskEndScheduler                   
00001f08  vTaskMissedYield                    
00002954  vTaskNotifyGiveFromISR              
00001ad0  vTaskPlaceOnEventList               
00001b14  vTaskPlaceOnUnorderedEventList      
00000a20  vTaskPrioritySet                    
00000e20  vTaskResume                         
00001f94  vTaskSetThreadLocalStoragePointer   
00001d90  vTaskSetTimeOutState                
00000fec  vTaskStartScheduler                 
0000166c  vTaskStepTick                       
00000c18  vTaskSuspend                        
000010a0  vTaskSuspendAll                     
000019f0  vTaskSwitchContext                  
0000be68  vimChannelMap                       
0000c064  vimDisableInterrupt                 
0000bf0c  vimEnableInterrupt                  
0000c0e8  vimGetConfigValue                   
0000bd94  vimInit                             
00008e00  vimParityCheck                      
0000dca4  vimParityErrorHandler               
000036b8  xPortGetFreeHeapSize                
000036c4  xPortGetMinimumEverFreeHeapSize     
00002f60  xPortStartScheduler                 
000016c8  xTaskAbortDelay                     
00001dd0  xTaskCheckForTimeOut                
000000fc  xTaskCreate                         
00000020  xTaskCreateRestricted               
00002580  xTaskGenericNotify                  
00002754  xTaskGenericNotifyFromISR           
0000152c  xTaskGetHandle                      
00001634  xTaskGetIdleTaskHandle              
00002304  xTaskGetSchedulerState              
00001308  xTaskGetTickCount                   
00001324  xTaskGetTickCountFromISR            
000017c8  xTaskIncrementTick                  
0000e77c  xTaskNotifyStateClear               
00002468  xTaskNotifyWait                     
00001b98  xTaskRemoveFromEventList            
00001c88  xTaskRemoveFromUnorderedEventList   
00001158  xTaskResumeAll                      
00000f04  xTaskResumeFromISR                  


GLOBAL SYMBOLS: SORTED BY Symbol Address 

address   name                                
-------   ----                                
00000000  __TI_static_base__                  
00000000  resetEntry                          
00000020  xTaskCreateRestricted               
000000fc  xTaskCreate                         
00000538  vTaskDelete                         
000006a0  vTaskDelayUntil                     
0000080c  vTaskDelay                          
00000890  eTaskGetState                       
00000994  uxTaskPriorityGet                   
000009d8  uxTaskPriorityGetFromISR            
00000a20  vTaskPrioritySet                    
00000c18  vTaskSuspend                        
00000e20  vTaskResume                         
00000f04  xTaskResumeFromISR                  
00000fec  vTaskStartScheduler                 
00001084  vTaskEndScheduler                   
000010a0  vTaskSuspendAll                     
00001158  xTaskResumeAll                      
00001308  xTaskGetTickCount                   
00001324  xTaskGetTickCountFromISR            
00001348  uxTaskGetNumberOfTasks              
00001354  pcTaskGetName                       
0000152c  xTaskGetHandle                      
00001634  xTaskGetIdleTaskHandle              
0000166c  vTaskStepTick                       
000016c8  xTaskAbortDelay                     
000017c8  xTaskIncrementTick                  
000019f0  vTaskSwitchContext                  
00001ad0  vTaskPlaceOnEventList               
00001b14  vTaskPlaceOnUnorderedEventList      
00001b98  xTaskRemoveFromEventList            
00001c88  xTaskRemoveFromUnorderedEventList   
00001d90  vTaskSetTimeOutState                
00001dd0  xTaskCheckForTimeOut                
00001f08  vTaskMissedYield                    
00001f18  eTaskConfirmSleepModeStatus         
00001f94  vTaskSetThreadLocalStoragePointer   
00001ff8  pvTaskGetThreadLocalStoragePointer  
00002064  vTaskAllocateMPURegions             
0000223c  uxTaskGetStackHighWaterMark         
00002304  xTaskGetSchedulerState              
00002354  uxTaskResetEventItemValue           
00002390  ulTaskNotifyTake                    
00002468  xTaskNotifyWait                     
00002580  xTaskGenericNotify                  
00002754  xTaskGenericNotifyFromISR           
00002954  vTaskNotifyGiveFromISR              
00002bfc  pxPortInitialiseStack               
00002cec  vPortStoreTaskMPUSettings           
00002f60  xPortStartScheduler                 
00002f84  vPortEndScheduler                   
00002fbc  vPortStartFirstTask                 
0000302c  vPortYieldProcessor                 
000030d8  vPortYeildWithinAPI                 
0000318c  vPortPreemptiveTick                 
0000324c  ulPortCountLeadingZeros             
00003254  vPortSWI                            
00003310  prvMpuSetRegion                     
00003328  prvMpuEnable                        
00003340  prvMpuDisable                       
00003368  pvPortMalloc                        
000035c0  vPortFree                           
000036b8  xPortGetFreeHeapSize                
000036c4  xPortGetMinimumEverFreeHeapSize     
000036d0  vPortInitialiseBlocks               
00003720  __TI_Handler_Table_Base             
0000372c  __TI_Handler_Table_Limit            
00003748  __TI_CINIT_Base                     
00003768  __TI_CINIT_Limit                    
00008020  selftestFailNotification            
00008030  ccmSelfCheck                        
00008174  memoryInit                          
000081b8  stcSelfCheck                        
00008234  cpuSelfTest                         
000082cc  pbistSelfCheck                      
000084ac  pbistRun                            
00008578  pbistStop                           
000085a8  pbistIsTestCompleted                
000085d4  pbistIsTestPassed                   
00008608  pbistPortTestStatus                 
00008660  efcCheck                            
000086e8  efcStuckZeroTest                    
00008794  efcSelfTest                         
000087bc  checkefcSelfTest                    
0000885c  fmcBus2Check                        
00008898  fmcECCcheck                         
00008938  checkB0RAMECC                       
00008b28  checkB1RAMECC                       
00008d18  checkFlashECC                       
00008df4  custom_dabort                       
00008df8  stcSelfCheckFail                    
00008dfc  cpuSelfTestFail                     
00008e00  vimParityCheck                      
00008eac  het1ParityCheck                     
00008f4c  htu1ParityCheck                     
00009004  adc1ParityCheck                     
000090bc  can1ParityCheck                     
00009198  can2ParityCheck                     
00009260  mibspi1ParityCheck                  
000093bc  checkRAMECC                         
00009604  checkClockMonitor                   
000096d8  checkFlashEEPROMECC                 
00009880  checkPLL1Slip                       
0000999c  checkRAMAddrParity                  
00009aa4  checkRAMUERRTest                    
00009c00  fmcBus1ParityCheck                  
00009d2c  pbistFail                           
00009db0  pbistGetConfigValue                 
00009ef8  stcGetConfigValue                   
00009f98  efcGetConfigValue                   
0000a034  ccmr4GetConfigValue                 
0000a0b0  errata_PBIST_4                      
0000a3d0  enableParity                        
0000a424  disableParity                       
0000a510  spiInit                             
0000a768  spiSetFunctional                    
0000a788  spiReceiveData                      
0000a8a4  spiGetData                          
0000a96c  spiTransmitData                     
0000aa98  spiSendData                         
0000ab60  spiTransmitAndReceiveData           
0000ac9c  spiSendAndGetData                   
0000adac  SpiTxStatus                         
0000ae08  SpiRxStatus                         
0000ae64  spiEnableLoopback                   
0000ae98  spiDisableLoopback                  
0000aeb4  spiEnableNotification               
0000aee4  spiDisableNotification              
0000af10  spi2GetConfigValue                  
0000b0a0  spi3GetConfigValue                  
0000b2f4  setupPLL                            
0000b344  trimLPO                             
0000b3b8  setupFlash                          
0000b3f8  periphInit                          
0000b44c  mapClocks                           
0000b530  systemInit                          
0000b5fc  systemPowerDown                     
0000b62c  systemGetConfigValue                
0000b9ec  tcmflashGetConfigValue              
0000bb98  sramGetConfigValue                  
0000bcd4  customTrimLPO                       
0000bd94  vimInit                             
0000be68  vimChannelMap                       
0000bf0c  vimEnableInterrupt                  
0000c064  vimDisableInterrupt                 
0000c0e8  vimGetConfigValue                   
0000c630  _errata_SSWF021_45_both_plls        
0000c824  _errata_SSWF021_45_pll1             
0000c99c  _errata_SSWF021_45_pll2             
0000cc94  esmInit                             
0000cd9c  esmError                            
0000cdb8  esmEnableError                      
0000cde0  esmDisableError                     
0000ce08  esmTriggerErrorPinReset             
0000ce18  esmActivateNormalOperation          
0000ce28  esmEnableInterrupt                  
0000ce50  esmDisableInterrupt                 
0000ce78  esmSetInterruptLevel                
0000ceec  esmClearStatus                      
0000cf2c  esmClearStatusBuffer                
0000cf48  esmSetCounterPreloadValue           
0000cf68  esmGetStatus                        
0000cfec  esmGetStatusBuffer                  
0000d024  esmEnterSelfTest                    
0000d0ac  esmSelfTestStatus                   
0000d0fc  esmGetConfigValue                   
0000d250  spi2HighLevelInterrupt              
0000d490  spi3LowLevelInterrupt               
0000d75c  _coreInitRegisters_                 
0000d814  _coreInitStackPointer_              
0000d860  _getCPSRValue_                      
0000d868  _gotoCPUIdle_                       
0000d880  _coreEnableEventBusExport_          
0000d890  _coreDisableEventBusExport_         
0000d8a0  _coreEnableRamEcc_                  
0000d8b0  _coreDisableRamEcc_                 
0000d8c0  _coreEnableFlashEcc_                
0000d8d4  _coreDisableFlashEcc_               
0000d8e4  _coreEnableIrqVicOffset_            
0000d8f4  _coreGetDataFault_                  
0000d8fc  _coreClearDataFault_                
0000d908  _coreGetInstructionFault_           
0000d910  _coreClearInstructionFault_         
0000d91c  _coreGetDataFaultAddress_           
0000d924  _coreClearDataFaultAddress_         
0000d930  _coreGetInstructionFaultAddress_    
0000d938  _coreClearInstructionFaultAddress_  
0000d944  _coreGetAuxiliaryDataFault_         
0000d94c  _coreClearAuxiliaryDataFault_       
0000d958  _coreGetAuxiliaryInstructionFault_  
0000d960  _coreClearAuxiliaryInstructionFault_
0000d96c  _disable_interrupt_                 
0000d974  _disable_FIQ_interrupt_             
0000d97c  _disable_IRQ_interrupt_             
0000d984  _enable_interrupt_                  
0000d98c  _esmCcmErrorsClear_                 
0000da14  _errata_CORTEXR4_66_                
0000da24  __TI_PINIT_Base                     
0000da28  __TI_PINIT_Limit                    
0000dca4  vimParityErrorHandler               
0000df0c  vListInitialise                     
0000df64  vListInitialiseItem                 
0000df80  vListInsertEnd                      
0000dff4  vListInsert                         
0000e0b8  uxListRemove                        
0000e144  _c_int00                            
0000e514  __aeabi_memcpy                      
0000e514  __aeabi_memcpy4                     
0000e514  __aeabi_memcpy8                     
0000e514  memcpy                              
0000e77c  xTaskNotifyStateClear               
0000e7f8  muxInit                             
0000e880  pinmuxGetConfigValue                
0000e948  esmHighInterrupt                    
0000ea34  _dabort                             
0000eb1c  _pmuInit_                           
0000eb68  _pmuEnableCountersGlobal_           
0000eb78  _pmuDisableCountersGlobal_          
0000eb88  _pmuResetCycleCounter_              
0000eb98  _pmuResetEventCounters_             
0000eba8  _pmuResetCounters_                  
0000ebb8  _pmuStartCounters_                  
0000ebc0  _pmuStopCounters_                   
0000ebc8  _pmuSetCountEvent_                  
0000ebd4  _pmuGetCycleCount_                  
0000ebdc  _pmuGetEventCount_                  
0000ebe8  _pmuGetOverflow_                    
0000ebfc  __aeabi_memclr                      
0000ebfc  __aeabi_memclr4                     
0000ebfc  __aeabi_memclr8                     
0000ec00  __aeabi_memset                      
0000ec00  __aeabi_memset4                     
0000ec00  __aeabi_memset8                     
0000ec0c  memset                              
0000ecac  __TI_decompress_lzss                
0000ed3c  main                                
0000edbc  esmGroup1Notification               
0000edcc  esmGroup2Notification               
0000eddc  memoryPort0TestFailNotification     
0000edf8  memoryPort1TestFailNotification     
0000ee14  spiNotification                     
0000ee28  spiEndNotification                  
0000ee38  __TI_auto_init_nobinit_nopinit      
0000eea0  strlen                              
0000eec0  __TI_decompress_none                
0000eed4  __TI_zero_init                      
0000eee4  C$$EXIT                             
0000eee4  abort                               
0000eeec  phantomInterrupt                    
0000eef0  handlePLLLockFail                   
080008d0  pxCurrentTCB                        
08003000  RX_Data_Master                      
08003020  RX_Data_Slave                       
08003040  TX_Data_Master                      
08003060  TX_Data_Slave                       
08003090  ulCriticalNesting                   
08003094  ulTaskHasFPUContext                 
ffffffff  __TI_pprof_out_hndl                 
ffffffff  __TI_prof_data_size                 
ffffffff  __TI_prof_data_start                
ffffffff  __binit__                           
ffffffff  __c_args__                          
ffffffff  binit                               
UNDEFED   SHT$$INIT_ARRAY$$Base               
UNDEFED   SHT$$INIT_ARRAY$$Limit              
UNDEFED   _system_post_cinit                  

[266 symbols]
